Archive member included to satisfy reference by file (symbol)

C:/Users/marco/.pico-sdk/toolchain/13_3_Rel1/bin/../lib/gcc/arm-none-eabi/13.3.1/thumb/v6-m/nofp\libgcc.a(_dvmd_tls.o)
                              CMakeFiles/TarefaAnimacao.dir/C_/Users/marco/.pico-sdk/sdk/2.1.0/src/rp2_common/pico_divider/divider_hardware.S.obj (__aeabi_idiv0)
C:/Users/marco/.pico-sdk/toolchain/13_3_Rel1/bin/../lib/gcc/arm-none-eabi/13.3.1/thumb/v6-m/nofp\libg.a(libc_a-calloc.o)
                              CMakeFiles/TarefaAnimacao.dir/C_/Users/marco/.pico-sdk/sdk/2.1.0/src/rp2_common/pico_malloc/malloc.c.obj (calloc)
C:/Users/marco/.pico-sdk/toolchain/13_3_Rel1/bin/../lib/gcc/arm-none-eabi/13.3.1/thumb/v6-m/nofp\libg.a(libc_a-callocr.o)
                              C:/Users/marco/.pico-sdk/toolchain/13_3_Rel1/bin/../lib/gcc/arm-none-eabi/13.3.1/thumb/v6-m/nofp\libg.a(libc_a-calloc.o) (_calloc_r)
C:/Users/marco/.pico-sdk/toolchain/13_3_Rel1/bin/../lib/gcc/arm-none-eabi/13.3.1/thumb/v6-m/nofp\libg.a(libc_a-malloc.o)
                              CMakeFiles/TarefaAnimacao.dir/C_/Users/marco/.pico-sdk/sdk/2.1.0/src/rp2_common/pico_malloc/malloc.c.obj (malloc)
C:/Users/marco/.pico-sdk/toolchain/13_3_Rel1/bin/../lib/gcc/arm-none-eabi/13.3.1/thumb/v6-m/nofp\libg.a(libc_a-mallocr.o)
                              C:/Users/marco/.pico-sdk/toolchain/13_3_Rel1/bin/../lib/gcc/arm-none-eabi/13.3.1/thumb/v6-m/nofp\libg.a(libc_a-callocr.o) (_malloc_r)
C:/Users/marco/.pico-sdk/toolchain/13_3_Rel1/bin/../lib/gcc/arm-none-eabi/13.3.1/thumb/v6-m/nofp\libg.a(libc_a-mlock.o)
                              C:/Users/marco/.pico-sdk/toolchain/13_3_Rel1/bin/../lib/gcc/arm-none-eabi/13.3.1/thumb/v6-m/nofp\libg.a(libc_a-mallocr.o) (__malloc_lock)
C:/Users/marco/.pico-sdk/toolchain/13_3_Rel1/bin/../lib/gcc/arm-none-eabi/13.3.1/thumb/v6-m/nofp\libg.a(libc_a-realloc.o)
                              CMakeFiles/TarefaAnimacao.dir/C_/Users/marco/.pico-sdk/sdk/2.1.0/src/rp2_common/pico_malloc/malloc.c.obj (realloc)
C:/Users/marco/.pico-sdk/toolchain/13_3_Rel1/bin/../lib/gcc/arm-none-eabi/13.3.1/thumb/v6-m/nofp\libg.a(libc_a-reallocr.o)
                              C:/Users/marco/.pico-sdk/toolchain/13_3_Rel1/bin/../lib/gcc/arm-none-eabi/13.3.1/thumb/v6-m/nofp\libg.a(libc_a-realloc.o) (_realloc_r)
C:/Users/marco/.pico-sdk/toolchain/13_3_Rel1/bin/../lib/gcc/arm-none-eabi/13.3.1/thumb/v6-m/nofp\libg.a(libc_a-memcmp.o)
                              CMakeFiles/TarefaAnimacao.dir/C_/Users/marco/.pico-sdk/sdk/2.1.0/src/rp2_common/pico_atomic/atomic.c.obj (memcmp)
C:/Users/marco/.pico-sdk/toolchain/13_3_Rel1/bin/../lib/gcc/arm-none-eabi/13.3.1/thumb/v6-m/nofp\libg.a(libc_a-memmove.o)
                              C:/Users/marco/.pico-sdk/toolchain/13_3_Rel1/bin/../lib/gcc/arm-none-eabi/13.3.1/thumb/v6-m/nofp\libg.a(libc_a-reallocr.o) (memmove)
C:/Users/marco/.pico-sdk/toolchain/13_3_Rel1/bin/../lib/gcc/arm-none-eabi/13.3.1/thumb/v6-m/nofp\libg.a(libc_a-lcltime_r.o)
                              CMakeFiles/TarefaAnimacao.dir/C_/Users/marco/.pico-sdk/sdk/2.1.0/src/common/pico_util/datetime.c.obj (localtime_r)
C:/Users/marco/.pico-sdk/toolchain/13_3_Rel1/bin/../lib/gcc/arm-none-eabi/13.3.1/thumb/v6-m/nofp\libg.a(libc_a-mktime.o)
                              CMakeFiles/TarefaAnimacao.dir/C_/Users/marco/.pico-sdk/sdk/2.1.0/src/common/pico_util/datetime.c.obj (mktime)
C:/Users/marco/.pico-sdk/toolchain/13_3_Rel1/bin/../lib/gcc/arm-none-eabi/13.3.1/thumb/v6-m/nofp\libg.a(libc_a-month_lengths.o)
                              C:/Users/marco/.pico-sdk/toolchain/13_3_Rel1/bin/../lib/gcc/arm-none-eabi/13.3.1/thumb/v6-m/nofp\libg.a(libc_a-lcltime_r.o) (__month_lengths)
C:/Users/marco/.pico-sdk/toolchain/13_3_Rel1/bin/../lib/gcc/arm-none-eabi/13.3.1/thumb/v6-m/nofp\libg.a(libc_a-tzcalc_limits.o)
                              C:/Users/marco/.pico-sdk/toolchain/13_3_Rel1/bin/../lib/gcc/arm-none-eabi/13.3.1/thumb/v6-m/nofp\libg.a(libc_a-lcltime_r.o) (__tzcalc_limits)
C:/Users/marco/.pico-sdk/toolchain/13_3_Rel1/bin/../lib/gcc/arm-none-eabi/13.3.1/thumb/v6-m/nofp\libg.a(libc_a-tzlock.o)
                              C:/Users/marco/.pico-sdk/toolchain/13_3_Rel1/bin/../lib/gcc/arm-none-eabi/13.3.1/thumb/v6-m/nofp\libg.a(libc_a-lcltime_r.o) (__tz_lock)
C:/Users/marco/.pico-sdk/toolchain/13_3_Rel1/bin/../lib/gcc/arm-none-eabi/13.3.1/thumb/v6-m/nofp\libg.a(libc_a-tzset.o)
                              C:/Users/marco/.pico-sdk/toolchain/13_3_Rel1/bin/../lib/gcc/arm-none-eabi/13.3.1/thumb/v6-m/nofp\libg.a(libc_a-lcltime_r.o) (_tzset_unlocked)
C:/Users/marco/.pico-sdk/toolchain/13_3_Rel1/bin/../lib/gcc/arm-none-eabi/13.3.1/thumb/v6-m/nofp\libg.a(libc_a-tzset_r.o)
                              C:/Users/marco/.pico-sdk/toolchain/13_3_Rel1/bin/../lib/gcc/arm-none-eabi/13.3.1/thumb/v6-m/nofp\libg.a(libc_a-tzset.o) (_tzset_unlocked_r)
C:/Users/marco/.pico-sdk/toolchain/13_3_Rel1/bin/../lib/gcc/arm-none-eabi/13.3.1/thumb/v6-m/nofp\libg.a(libc_a-tzvars.o)
[...]
Memory Configuration

Name             Origin             Length             Attributes
FLASH            0x10000000         0x00200000         xr
RAM              0x20000000         0x00040000         xrw
SCRATCH_X        0x20040000         0x00001000         xrw
SCRATCH_Y        0x20041000         0x00001000         xrw
*default*        0x00000000         0xffffffff

Linker script and memory map

LOAD C:/Users/marco/.pico-sdk/toolchain/13_3_Rel1/bin/../lib/gcc/arm-none-eabi/13.3.1/thumb/v6-m/nofp/crti.o
LOAD C:/Users/marco/.pico-sdk/toolchain/13_3_Rel1/bin/../lib/gcc/arm-none-eabi/13.3.1/thumb/v6-m/nofp/crtbegin.o
LOAD C:/Users/marco/.pico-sdk/toolchain/13_3_Rel1/bin/../lib/gcc/arm-none-eabi/13.3.1/thumb/v6-m/nofp/crt0.o

.flash_begin    0x10000000        0x0
                0x10000000                        __flash_binary_start = .

.boot2          0x10000000      0x100
                0x10000000                        __boot2_start__ = .
 *(.boot2)
 .boot2         0x10000000      0x100 pico-sdk/src/rp2040/boot_stage2/CMakeFiles/bs2_default_library.dir/./bs2_default_padded_checksummed.S.obj
                0x10000100                        __boot2_end__ = .
                0x00000001                        ASSERT (((__boot2_end__ - __boot2_start__) == 0x100), ERROR: Pico second stage bootloader must be 256 bytes in size)

.text           0x10000100     0x6f7c
                0x10000100                        __logical_binary_start = .
 *(.vectors)
 .vectors       0x10000100       0xd4 CMakeFiles/TarefaAnimacao.dir/C_/Users/marco/.pico-sdk/sdk/2.1.0/src/rp2_common/pico_crt0/crt0.S.obj
                0x10000100                __VECTOR_TABLE
                0x10000100                __vectors
                0x100001c0                isr_invalid
                0x100001c0                __default_isrs_start
                0x100001c2                isr_nmi
                0x100001c4                isr_hardfault
                0x100001c6                isr_svcall
                0x100001c8                isr_pendsv
                0x100001ca                isr_systick
                0x100001cc                isr_irq23
                0x100001cc                isr_irq18
                0x100001cc                isr_irq11
                0x100001cc                isr_irq28
                0x100001cc                isr_irq19
                0x100001cc                isr_irq0
                0x100001cc                isr_irq6
                0x100001cc                isr_irq5
                0x100001cc                isr_irq12
                0x100001cc                isr_irq22
                0x100001cc                isr_irq31
                0x100001cc                isr_irq17
                0x100001cc                isr_irq27
                0x100001cc                isr_irq30
                0x100001cc                isr_irq2
                0x100001cc                isr_irq10
                0x100001cc                isr_irq8
                0x100001cc                isr_irq24
                0x100001cc                isr_irq1
                0x100001cc                isr_irq7
                0x100001cc                isr_irq21
                0x100001cc                isr_irq20
                0x100001cc                isr_irq15
                0x100001cc                isr_irq25
                0x100001cc                isr_irq13
                0x100001cc                __unhandled_user_irq
                0x100001cc                isr_irq4
                0x100001cc                isr_irq16
                0x100001cc                isr_irq29
                0x100001cc                isr_irq26
                0x100001cc                __default_isrs_end
                0x100001cc                isr_irq3
                0x100001cc                isr_irq14
                0x100001cc                isr_irq9
                0x100001d2                unhandled_user_irq_num_in_r0
 *(.binary_info_header)
 .binary_info_header
                0x100001d4       0x14 CMakeFiles/TarefaAnimacao.dir/C_/Users/marco/.pico-sdk/sdk/2.1.0/src/rp2_common/pico_crt0/crt0.S.obj
                0x100001e8                        __binary_info_header_end = .
 *(.embedded_block)
                0x100001e8                        __embedded_block_end = .
 *(.reset)
 .reset         0x100001e8       0x9c CMakeFiles/TarefaAnimacao.dir/C_/Users/marco/.pico-sdk/sdk/2.1.0/src/rp2_common/pico_crt0/crt0.S.obj
                0x100001e8                _entry_point
 *(.init)
 .init          0x10000284        0x4 C:/Users/marco/.pico-sdk/toolchain/13_3_Rel1/bin/../lib/gcc/arm-none-eabi/13.3.1/thumb/v6-m/nofp/crti.o
                0x10000284                _init
 *(EXCLUDE_FILE(*libm.a: *libc.a:*lib_a-mem*.o *libgcc.a:) .text*)
 .text.register_tm_clones
                0x10000288       0x28 C:/Users/marco/.pico-sdk/toolchain/13_3_Rel1/bin/../lib/gcc/arm-none-eabi/13.3.1/thumb/v6-m/nofp/crtbegin.o
 .text.frame_dummy
                0x100002b0       0x24 C:/Users/marco/.pico-sdk/toolchain/13_3_Rel1/bin/../lib/gcc/arm-none-eabi/13.3.1/thumb/v6-m/nofp/crtbegin.o
 .text.desenho_pio.constprop.0
                0x100002d4       0xb0 CMakeFiles/TarefaAnimacao.dir/TarefaAnimacao.c.obj
 .text.startup.main
                0x10000384      0x498 CMakeFiles/TarefaAnimacao.dir/TarefaAnimacao.c.obj
                0x10000384                main
 .text.gpio_set_function
                0x1000081c       0x34 CMakeFiles/TarefaAnimacao.dir/C_/Users/marco/.pico-sdk/sdk/2.1.0/src/rp2_common/hardware_gpio/gpio.c.obj
                0x1000081c                gpio_set_function
 .text.gpio_set_pulls
                0x10000850       0x28 CMakeFiles/TarefaAnimacao.dir/C_/Users/marco/.pico-sdk/sdk/2.1.0/src/rp2_common/hardware_gpio/gpio.c.obj
                0x10000850                gpio_set_pulls
 .text.gpio_init
                0x10000878       0x40 CMakeFiles/TarefaAnimacao.dir/C_/Users/marco/.pico-sdk/sdk/2.1.0/src/rp2_common/hardware_gpio/gpio.c.obj
                0x10000878                gpio_init
 .text.rp2040_chip_version
                0x100008b8        0xc CMakeFiles/TarefaAnimacao.dir/C_/Users/marco/.pico-sdk/sdk/2.1.0/src/rp2040/pico_platform/platform.c.obj
                0x100008b8                rp2040_chip_version
 .text.panic    0x100008c4       0x30 CMakeFiles/TarefaAnimacao.dir/C_/Users/marco/.pico-sdk/sdk/2.1.0/src/rp2_common/pico_platform_panic/panic.c.obj
                0x100008c4                panic
 .text.hw_claim_lock
                0x100008f4       0x18 CMakeFiles/TarefaAnimacao.dir/C_/Users/marco/.pico-sdk/sdk/2.1.0/src/common/hardware_claim/claim.c.obj
                0x100008f4                hw_claim_lock
 .text.hw_claim_unlock
                0x1000090c       0x14 CMakeFiles/TarefaAnimacao.dir/C_/Users/marco/.pico-sdk/sdk/2.1.0/src/common/hardware_claim/claim.c.obj
                0x1000090c                hw_claim_unlock
 .text.hw_claim_or_assert
                0x10000920       0x44 CMakeFiles/TarefaAnimacao.dir/C_/Users/marco/.pico-sdk/sdk/2.1.0/src/common/hardware_claim/claim.c.obj
                0x10000920                hw_claim_or_assert
 .text.hw_claim_unused_from_range
                0x10000964       0x9c CMakeFiles/TarefaAnimacao.dir/C_/Users/marco/.pico-sdk/sdk/2.1.0/src/common/hardware_claim/claim.c.obj
                0x10000964                hw_claim_unused_from_range
 .text.next_striped_spin_lock_num
                0x10000a00       0x18 CMakeFiles/TarefaAnimacao.dir/C_/Users/marco/.pico-sdk/sdk/2.1.0/src/rp2_common/hardware_sync/sync.c.obj
                0x10000a00                next_striped_spin_lock_num
 .text.spin_lock_claim_unused
                0x10000a18       0x24 CMakeFiles/TarefaAnimacao.dir/C_/Users/marco/.pico-sdk/sdk/2.1.0/src/rp2_common/hardware_sync/sync.c.obj
                0x10000a18                spin_lock_claim_unused
 .text.spin_locks_reset
                0x10000a3c       0x1c CMakeFiles/TarefaAnimacao.dir/C_/Users/marco/.pico-sdk/sdk/2.1.0/src/rp2_common/hardware_sync_spin_lock/sync_spin_lock.c.obj
                0x10000a3c                spin_locks_reset
 .text.runtime_init_per_core_irq_priorities
                0x10000a58       0x24 CMakeFiles/TarefaAnimacao.dir/C_/Users/marco/.pico-sdk/sdk/2.1.0/src/rp2_common/hardware_irq/irq.c.obj
                0x10000a58                runtime_init_per_core_irq_priorities
 .text.irq_set_enabled
                0x10000a7c       0x24 CMakeFiles/TarefaAnimacao.dir/C_/Users/marco/.pico-sdk/sdk/2.1.0/src/rp2_common/hardware_irq/irq.c.obj
                0x10000a7c                irq_set_enabled
 .text.irq_is_enabled
                0x10000aa0       0x18 CMakeFiles/TarefaAnimacao.dir/C_/Users/marco/.pico-sdk/sdk/2.1.0/src/rp2_common/hardware_irq/irq.c.obj
                0x10000aa0                irq_is_enabled
 .text.irq_set_pending
                0x10000ab8       0x10 CMakeFiles/TarefaAnimacao.dir/C_/Users/marco/.pico-sdk/sdk/2.1.0/src/rp2_common/hardware_irq/irq.c.obj
                0x10000ab8                irq_set_pending
 .text.irq_has_shared_handler
                0x10000ac8       0x2c CMakeFiles/TarefaAnimacao.dir/C_/Users/marco/.pico-sdk/sdk/2.1.0/src/rp2_common/hardware_irq/irq.c.obj
                0x10000ac8                irq_has_shared_handler
 .text.irq_set_exclusive_handler
                0x10000af4       0x54 CMakeFiles/TarefaAnimacao.dir/C_/Users/marco/.pico-sdk/sdk/2.1.0/src/rp2_common/hardware_irq/irq.c.obj
                0x10000af4                irq_set_exclusive_handler
 .text.irq_add_shared_handler
                0x10000b48      0x1f4 CMakeFiles/TarefaAnimacao.dir/C_/Users/marco/.pico-sdk/sdk/2.1.0/src/rp2_common/hardware_irq/irq.c.obj
                0x10000b48                irq_add_shared_handler
 .text.irq_add_tail_to_free_list
                0x10000d3c       0xb4 CMakeFiles/TarefaAnimacao.dir/C_/Users/marco/.pico-sdk/sdk/2.1.0/src/rp2_common/hardware_irq/irq.c.obj
                0x10000d3c                irq_add_tail_to_free_list
 .text.user_irq_claim_unused
                0x10000df0       0x2c CMakeFiles/TarefaAnimacao.dir/C_/Users/marco/.pico-sdk/sdk/2.1.0/src/rp2_common/hardware_irq/irq.c.obj
                0x10000df0                user_irq_claim_unused
 .text.lock_init
                0x10000e1c       0x10 CMakeFiles/TarefaAnimacao.dir/C_/Users/marco/.pico-sdk/sdk/2.1.0/src/common/pico_sync/lock_core.c.obj
                0x10000e1c                lock_init
 .text.runtime_init_mutex
                0x10000e2c       0x50 CMakeFiles/TarefaAnimacao.dir/C_/Users/marco/.pico-sdk/sdk/2.1.0/src/common/pico_sync/mutex.c.obj
                0x10000e2c                runtime_init_mutex
 .text.mutex_init
                0x10000e7c       0x1c CMakeFiles/TarefaAnimacao.dir/C_/Users/marco/.pico-sdk/sdk/2.1.0/src/common/pico_sync/mutex.c.obj
                0x10000e7c                mutex_init
 .text.critical_section_init
                0x10000e98       0x1c CMakeFiles/TarefaAnimacao.dir/C_/Users/marco/.pico-sdk/sdk/2.1.0/src/common/pico_sync/critical_section.c.obj
                0x10000e98                critical_section_init
 .text.critical_section_init_with_lock_num
                0x10000eb4       0x14 CMakeFiles/TarefaAnimacao.dir/C_/Users/marco/.pico-sdk/sdk/2.1.0/src/common/pico_sync/critical_section.c.obj
                0x10000eb4                critical_section_init_with_lock_num
 .text.sleep_until_callback
                0x10000ec8       0x30 CMakeFiles/TarefaAnimacao.dir/C_/Users/marco/.pico-sdk/sdk/2.1.0/src/common/pico_time/time.c.obj
 .text.alarm_pool_irq_handler
                0x10000ef8      0x2fc CMakeFiles/TarefaAnimacao.dir/C_/Users/marco/.pico-sdk/sdk/2.1.0/src/common/pico_time/time.c.obj
 .text.runtime_init_default_alarm_pool
                0x100011f4       0xdc CMakeFiles/TarefaAnimacao.dir/C_/Users/marco/.pico-sdk/sdk/2.1.0/src/common/pico_time/time.c.obj
                0x100011f4                runtime_init_default_alarm_pool
 .text.alarm_pool_get_default
                0x100012d0        0x8 CMakeFiles/TarefaAnimacao.dir/C_/Users/marco/.pico-sdk/sdk/2.1.0/src/common/pico_time/time.c.obj
                0x100012d0                alarm_pool_get_default
 .text.alarm_pool_add_alarm_at
                0x100012d8       0xd4 CMakeFiles/TarefaAnimacao.dir/C_/Users/marco/.pico-sdk/sdk/2.1.0/src/common/pico_time/time.c.obj
                0x100012d8                alarm_pool_add_alarm_at
 .text.alarm_pool_add_alarm_at_force_in_context
                0x100013ac       0xb0 CMakeFiles/TarefaAnimacao.dir/C_/Users/marco/.pico-sdk/sdk/2.1.0/src/common/pico_time/time.c.obj
                0x100013ac                alarm_pool_add_alarm_at_force_in_context
 .text.alarm_pool_cancel_alarm
                0x1000145c       0x74 CMakeFiles/TarefaAnimacao.dir/C_/Users/marco/.pico-sdk/sdk/2.1.0/src/common/pico_time/time.c.obj
                0x1000145c                alarm_pool_cancel_alarm
 .text.alarm_pool_core_num
                0x100014d0        0x4 CMakeFiles/TarefaAnimacao.dir/C_/Users/marco/.pico-sdk/sdk/2.1.0/src/common/pico_time/time.c.obj
                0x100014d0                alarm_pool_core_num
 .text.sleep_until
                0x100014d4       0xd8 CMakeFiles/TarefaAnimacao.dir/C_/Users/marco/.pico-sdk/sdk/2.1.0/src/common/pico_time/time.c.obj
                0x100014d4                sleep_until
 .text.sleep_ms
                0x100015ac       0x38 CMakeFiles/TarefaAnimacao.dir/C_/Users/marco/.pico-sdk/sdk/2.1.0/src/common/pico_time/time.c.obj
                0x100015ac                sleep_ms
 .text.best_effort_wfe_or_timeout
                0x100015e4       0xe0 CMakeFiles/TarefaAnimacao.dir/C_/Users/marco/.pico-sdk/sdk/2.1.0/src/common/pico_time/time.c.obj
                0x100015e4                best_effort_wfe_or_timeout
 .text.timer_hardware_alarm_claim
                0x100016c4       0x14 CMakeFiles/TarefaAnimacao.dir/C_/Users/marco/.pico-sdk/sdk/2.1.0/src/rp2_common/hardware_timer/timer.c.obj
                0x100016c4                timer_hardware_alarm_claim
 .text.timer_time_us_64
                0x100016d8       0x10 CMakeFiles/TarefaAnimacao.dir/C_/Users/marco/.pico-sdk/sdk/2.1.0/src/rp2_common/hardware_timer/timer.c.obj
                0x100016d8                timer_time_us_64
 .text.time_us_64
                0x100016e8       0x14 CMakeFiles/TarefaAnimacao.dir/C_/Users/marco/.pico-sdk/sdk/2.1.0/src/rp2_common/hardware_timer/timer.c.obj
                0x100016e8                time_us_64
 .text.busy_wait_until
                0x100016fc       0x20 CMakeFiles/TarefaAnimacao.dir/C_/Users/marco/.pico-sdk/sdk/2.1.0/src/rp2_common/hardware_timer/timer.c.obj
                0x100016fc                busy_wait_until
 .text.clock_configure_int_divider
                0x1000171c       0xf4 CMakeFiles/TarefaAnimacao.dir/C_/Users/marco/.pico-sdk/sdk/2.1.0/src/rp2_common/hardware_clocks/clocks.c.obj
                0x1000171c                clock_configure_int_divider
 .text.clock_configure_undivided
                0x10001810       0xe8 CMakeFiles/TarefaAnimacao.dir/C_/Users/marco/.pico-sdk/sdk/2.1.0/src/rp2_common/hardware_clocks/clocks.c.obj
                0x10001810                clock_configure_undivided
 .text.clock_get_hz
                0x100018f8        0xc CMakeFiles/TarefaAnimacao.dir/C_/Users/marco/.pico-sdk/sdk/2.1.0/src/rp2_common/hardware_clocks/clocks.c.obj
                0x100018f8                clock_get_hz
 .text.set_sys_clock_pll
                0x10001904      0x1b8 CMakeFiles/TarefaAnimacao.dir/C_/Users/marco/.pico-sdk/sdk/2.1.0/src/rp2_common/hardware_clocks/clocks.c.obj
                0x10001904                set_sys_clock_pll
 .text.check_sys_clock_khz
                0x10001abc      0x234 CMakeFiles/TarefaAnimacao.dir/C_/Users/marco/.pico-sdk/sdk/2.1.0/src/rp2_common/hardware_clocks/clocks.c.obj
                0x10001abc                check_sys_clock_khz
 .text.pll_init
                0x10001cf0       0xa4 CMakeFiles/TarefaAnimacao.dir/C_/Users/marco/.pico-sdk/sdk/2.1.0/src/rp2_common/hardware_pll/pll.c.obj
                0x10001cf0                pll_init
 .text.watchdog_reboot
                0x10001d94       0x9c CMakeFiles/TarefaAnimacao.dir/C_/Users/marco/.pico-sdk/sdk/2.1.0/src/rp2_common/hardware_watchdog/watchdog.c.obj
                0x10001d94                watchdog_reboot
 .text.tick_start
                0x10001e30       0x10 CMakeFiles/TarefaAnimacao.dir/C_/Users/marco/.pico-sdk/sdk/2.1.0/src/rp2_common/hardware_ticks/ticks.c.obj
                0x10001e30                tick_start
 .text.rom_func_lookup
                0x10001e40       0x10 CMakeFiles/TarefaAnimacao.dir/C_/Users/marco/.pico-sdk/sdk/2.1.0/src/rp2_common/pico_bootrom/bootrom.c.obj
                0x10001e40                rom_func_lookup
 .text.rom_data_lookup
                0x10001e50       0x10 CMakeFiles/TarefaAnimacao.dir/C_/Users/marco/.pico-sdk/sdk/2.1.0/src/rp2_common/pico_bootrom/bootrom.c.obj
                0x10001e50                rom_data_lookup
 .text.rom_funcs_lookup
                0x10001e60       0x44 CMakeFiles/TarefaAnimacao.dir/C_/Users/marco/.pico-sdk/sdk/2.1.0/src/rp2_common/pico_bootrom/bootrom.c.obj
                0x10001e60                rom_funcs_lookup
 .text.rom_reset_usb_boot_extra
                0x10001ea4       0x28 CMakeFiles/TarefaAnimacao.dir/C_/Users/marco/.pico-sdk/sdk/2.1.0/src/rp2_common/pico_bootrom/bootrom.c.obj
                0x10001ea4                rom_reset_usb_boot_extra
 .text.xosc_init
                0x10001ecc       0x28 CMakeFiles/TarefaAnimacao.dir/C_/Users/marco/.pico-sdk/sdk/2.1.0/src/rp2_common/hardware_xosc/xosc.c.obj
                0x10001ecc                xosc_init
 .text.first_per_core_initializer
                0x10001ef4        0x4 CMakeFiles/TarefaAnimacao.dir/C_/Users/marco/.pico-sdk/sdk/2.1.0/src/rp2_common/pico_runtime/runtime.c.obj
 .text.hard_assertion_failure
                0x10001ef8        0xc CMakeFiles/TarefaAnimacao.dir/C_/Users/marco/.pico-sdk/sdk/2.1.0/src/rp2_common/pico_runtime/runtime.c.obj
                0x10001ef8                hard_assertion_failure
 .text.runtime_run_initializers
                0x10001f04       0x28 CMakeFiles/TarefaAnimacao.dir/C_/Users/marco/.pico-sdk/sdk/2.1.0/src/rp2_common/pico_runtime/runtime.c.obj
                0x10001f04                runtime_run_initializers
 .text.runtime_init_early_resets
                0x10001f2c       0x2c CMakeFiles/TarefaAnimacao.dir/C_/Users/marco/.pico-sdk/sdk/2.1.0/src/rp2_common/pico_runtime_init/runtime_init.c.obj
                0x10001f2c                runtime_init_early_resets
 .text.runtime_init_usb_power_down
                0x10001f58       0x1c CMakeFiles/TarefaAnimacao.dir/C_/Users/marco/.pico-sdk/sdk/2.1.0/src/rp2_common/pico_runtime_init/runtime_init.c.obj
                0x10001f58                runtime_init_usb_power_down
 .text.runtime_init_post_clock_resets
                0x10001f74       0x20 CMakeFiles/TarefaAnimacao.dir/C_/Users/marco/.pico-sdk/sdk/2.1.0/src/rp2_common/pico_runtime_init/runtime_init.c.obj
                0x10001f74                runtime_init_post_clock_resets
 .text.runtime_init_rp2040_gpio_ie_disable
                0x10001f94       0x14 CMakeFiles/TarefaAnimacao.dir/C_/Users/marco/.pico-sdk/sdk/2.1.0/src/rp2_common/pico_runtime_init/runtime_init.c.obj
                0x10001f94                runtime_init_rp2040_gpio_ie_disable
 .text.runtime_init_spin_locks_reset
                0x10001fa8        0x8 CMakeFiles/TarefaAnimacao.dir/C_/Users/marco/.pico-sdk/sdk/2.1.0/src/rp2_common/pico_runtime_init/runtime_init.c.obj
                0x10001fa8                runtime_init_spin_locks_reset
 .text.runtime_init_install_ram_vector_table
                0x10001fb0       0x1c CMakeFiles/TarefaAnimacao.dir/C_/Users/marco/.pico-sdk/sdk/2.1.0/src/rp2_common/pico_runtime_init/runtime_init.c.obj
                0x10001fb0                runtime_init_install_ram_vector_table
 .text.runtime_init_clocks
                0x10001fcc       0xd8 CMakeFiles/TarefaAnimacao.dir/C_/Users/marco/.pico-sdk/sdk/2.1.0/src/rp2_common/pico_runtime_init/runtime_init_clocks.c.obj
                0x10001fcc                runtime_init_clocks
 .text          0x100020a4       0x10 CMakeFiles/TarefaAnimacao.dir/C_/Users/marco/.pico-sdk/sdk/2.1.0/src/rp2_common/pico_bit_ops/bit_ops_aeabi.S.obj
 .text.__wrap___aeabi_idiv
                0x100020b4       0x50 CMakeFiles/TarefaAnimacao.dir/C_/Users/marco/.pico-sdk/sdk/2.1.0/src/rp2_common/pico_divider/divider_hardware.S.obj
                0x100020b4                __wrap___aeabi_idivmod
                0x100020b4                divmod_s32s32
                0x100020b4                div_s32s32
                0x100020b4                __wrap___aeabi_idiv
                0x100020bc                divmod_s32s32_unsafe
                0x100020e8                divmod_s32s32_savestate
 .text.__wrap___aeabi_uidiv
                0x10002104       0x4c CMakeFiles/TarefaAnimacao.dir/C_/Users/marco/.pico-sdk/sdk/2.1.0/src/rp2_common/pico_divider/divider_hardware.S.obj
                0x10002104                __wrap___aeabi_uidiv
                0x10002104                __wrap___aeabi_uidivmod
                0x10002104                div_u32u32
                0x10002104                divmod_u32u32
                0x1000210c                divmod_u32u32_unsafe
                0x10002134                divmod_u32u32_savestate
 .text.__wrap___aeabi_ldiv
                0x10002150      0x424 CMakeFiles/TarefaAnimacao.dir/C_/Users/marco/.pico-sdk/sdk/2.1.0/src/rp2_common/pico_divider/divider_hardware.S.obj
                0x10002150                div_s64s64
                0x10002150                divmod_s64s64
                0x10002150                __wrap___aeabi_ldivmod
                0x10002180                divmod_u64u64
                0x10002180                div_u64u64
                0x10002180                __wrap___aeabi_uldivmod
                0x10002190                divmod_u64u64_savestate
                0x100021b0                divmod_s64s64_unsafe
                0x10002238                divmod_u64u64_unsafe
 .text.__wrap___aeabi_darithmetic
                0x10002574       0x60 CMakeFiles/TarefaAnimacao.dir/C_/Users/marco/.pico-sdk/sdk/2.1.0/src/rp2_common/pico_double/double_aeabi_rp2040.S.obj
                0x10002574                __wrap___aeabi_drsub
                0x1000257a                __wrap___aeabi_dsub
                0x10002584                __wrap___aeabi_dadd
                0x1000258e                __wrap___aeabi_ddiv
                0x100025c2                __wrap___aeabi_dmul
 .text.__wrap___aeabi_cdcmple
                0x100025d4       0x6c CMakeFiles/TarefaAnimacao.dir/C_/Users/marco/.pico-sdk/sdk/2.1.0/src/rp2_common/pico_double/double_aeabi_rp2040.S.obj
                0x100025d4                __wrap___aeabi_cdrcmple
                0x100025e4                __wrap___aeabi_cdcmpeq
                0x100025e4                __wrap___aeabi_cdcmple
 .text.__wrap___aeabi_dcmplt
                0x10002640        0xc CMakeFiles/TarefaAnimacao.dir/C_/Users/marco/.pico-sdk/sdk/2.1.0/src/rp2_common/pico_double/double_aeabi_rp2040.S.obj
                0x10002640                __wrap___aeabi_dcmplt
 .text.__wrap___aeabi_dcmpge
                0x1000264c       0x10 CMakeFiles/TarefaAnimacao.dir/C_/Users/marco/.pico-sdk/sdk/2.1.0/src/rp2_common/pico_double/double_aeabi_rp2040.S.obj
                0x1000264c                __wrap___aeabi_dcmpge
 .text.__wrap___aeabi_dcmpgt
                0x1000265c        0xa CMakeFiles/TarefaAnimacao.dir/C_/Users/marco/.pico-sdk/sdk/2.1.0/src/rp2_common/pico_double/double_aeabi_rp2040.S.obj
                0x1000265c                __wrap___aeabi_dcmpgt
 .text.__wrap___aeabi_dcmpun
                0x10002666       0x18 CMakeFiles/TarefaAnimacao.dir/C_/Users/marco/.pico-sdk/sdk/2.1.0/src/rp2_common/pico_double/double_aeabi_rp2040.S.obj
                0x10002666                __wrap___aeabi_dcmpun
 *fill*         0x1000267e        0x2 
 .text.__wrap___aeabi_i2d
                0x10002680       0x38 CMakeFiles/TarefaAnimacao.dir/C_/Users/marco/.pico-sdk/sdk/2.1.0/src/rp2_common/pico_double/double_aeabi_rp2040.S.obj
                0x10002680                __wrap___aeabi_ui2d
                0x10002688                __wrap___aeabi_i2d
 .text.__wrap___aeabi_d2iz
                0x100026b8       0x48 CMakeFiles/TarefaAnimacao.dir/C_/Users/marco/.pico-sdk/sdk/2.1.0/src/rp2_common/pico_double/double_aeabi_rp2040.S.obj
                0x100026b8                double2int_z
                0x100026b8                __wrap___aeabi_d2iz
 .text.__wrap___aeabi_d2uiz
                0x10002700       0x10 CMakeFiles/TarefaAnimacao.dir/C_/Users/marco/.pico-sdk/sdk/2.1.0/src/rp2_common/pico_double/double_aeabi_rp2040.S.obj
                0x10002700                __wrap___aeabi_d2uiz
                0x10002700                double2uint
 .text.__wrap___aeabi_d2f
                0x10002710       0x10 CMakeFiles/TarefaAnimacao.dir/C_/Users/marco/.pico-sdk/sdk/2.1.0/src/rp2_common/pico_double/double_aeabi_rp2040.S.obj
                0x10002710                __wrap___aeabi_d2f
 .text.missing_double_func_shim
                0x10002720        0xc CMakeFiles/TarefaAnimacao.dir/C_/Users/marco/.pico-sdk/sdk/2.1.0/src/rp2_common/pico_double/double_init_rom_rp2040.c.obj
 .text.__aeabi_double_init
                0x1000272c       0xa0 CMakeFiles/TarefaAnimacao.dir/C_/Users/marco/.pico-sdk/sdk/2.1.0/src/rp2_common/pico_double/double_init_rom_rp2040.c.obj
                0x1000272c                __aeabi_double_init
 .text.double_table_shim_on_use_helper
                0x100027cc       0x2c CMakeFiles/TarefaAnimacao.dir/C_/Users/marco/.pico-sdk/sdk/2.1.0/src/rp2_common/pico_double/double_v1_rom_shim_rp2040.S.obj
                0x100027cc                double_table_shim_on_use_helper
 .text.__aeabi_lmul
                0x100027f8       0x32 CMakeFiles/TarefaAnimacao.dir/C_/Users/marco/.pico-sdk/sdk/2.1.0/src/rp2_common/pico_int64_ops/pico_int64_ops_aeabi.S.obj
                0x100027f8                __wrap___aeabi_lmul
 *fill*         0x1000282a        0x2 
 .text.__wrap___aeabi_farithmetic
                0x1000282c       0x48 CMakeFiles/TarefaAnimacao.dir/C_/Users/marco/.pico-sdk/sdk/2.1.0/src/rp2_common/pico_float/float_aeabi_rp2040.S.obj
                0x1000282c                __wrap___aeabi_frsub
                0x10002832                __wrap___aeabi_fsub
                0x10002838                __wrap___aeabi_fadd
                0x1000283e                __wrap___aeabi_fdiv
                0x10002866                __wrap___aeabi_fmul
 .text.__wrap___aeabi_ui2f
                0x10002874        0xa CMakeFiles/TarefaAnimacao.dir/C_/Users/marco/.pico-sdk/sdk/2.1.0/src/rp2_common/pico_float/float_aeabi_rp2040.S.obj
                0x10002874                __wrap___aeabi_ui2f
                0x10002874                uint2float
 *fill*         0x1000287e        0x2 
 .text.__wrap___aeabi_i2f
                0x10002880       0x44 CMakeFiles/TarefaAnimacao.dir/C_/Users/marco/.pico-sdk/sdk/2.1.0/src/rp2_common/pico_float/float_aeabi_rp2040.S.obj
                0x10002880                __wrap___aeabi_i2f
                0x10002880                int2float
 .text.__wrap___aeabi_f2uiz
                0x100028c4        0xc CMakeFiles/TarefaAnimacao.dir/C_/Users/marco/.pico-sdk/sdk/2.1.0/src/rp2_common/pico_float/float_aeabi_rp2040.S.obj
                0x100028c4                __wrap___aeabi_f2uiz
                0x100028c4                float2uint_z
 .text.missing_float_func_shim
                0x100028d0        0xc CMakeFiles/TarefaAnimacao.dir/C_/Users/marco/.pico-sdk/sdk/2.1.0/src/rp2_common/pico_float/float_init_rom_rp2040.c.obj
 .text.__aeabi_float_init
                0x100028dc       0x5c CMakeFiles/TarefaAnimacao.dir/C_/Users/marco/.pico-sdk/sdk/2.1.0/src/rp2_common/pico_float/float_init_rom_rp2040.c.obj
                0x100028dc                __aeabi_float_init
 .text          0x10002938       0x10 CMakeFiles/TarefaAnimacao.dir/C_/Users/marco/.pico-sdk/sdk/2.1.0/src/rp2_common/pico_mem_ops/mem_ops_aeabi.S.obj
                0x10002938                __aeabi_mem_init
 .text.memset   0x10002948        0xc CMakeFiles/TarefaAnimacao.dir/C_/Users/marco/.pico-sdk/sdk/2.1.0/src/rp2_common/pico_mem_ops/mem_ops_aeabi.S.obj
                0x10002948                __wrap_memset
 .text.memcpy   0x10002954        0xc CMakeFiles/TarefaAnimacao.dir/C_/Users/marco/.pico-sdk/sdk/2.1.0/src/rp2_common/pico_mem_ops/mem_ops_aeabi.S.obj
                0x10002954                __wrap_memcpy
                0x10002954                __wrap___aeabi_memcpy
 .text._out_null
                0x10002960        0x4 CMakeFiles/TarefaAnimacao.dir/C_/Users/marco/.pico-sdk/sdk/2.1.0/src/rp2_common/pico_printf/printf.c.obj
 .text._out_rev
                0x10002964       0xac CMakeFiles/TarefaAnimacao.dir/C_/Users/marco/.pico-sdk/sdk/2.1.0/src/rp2_common/pico_printf/printf.c.obj
 .text._ntoa_format
                0x10002a10      0x250 CMakeFiles/TarefaAnimacao.dir/C_/Users/marco/.pico-sdk/sdk/2.1.0/src/rp2_common/pico_printf/printf.c.obj
 .text._out_char
                0x10002c60       0x10 CMakeFiles/TarefaAnimacao.dir/C_/Users/marco/.pico-sdk/sdk/2.1.0/src/rp2_common/pico_printf/printf.c.obj
 .text._out_fct
                0x10002c70       0x10 CMakeFiles/TarefaAnimacao.dir/C_/Users/marco/.pico-sdk/sdk/2.1.0/src/rp2_common/pico_printf/printf.c.obj
 .text._etoa    0x10002c80      0x464 CMakeFiles/TarefaAnimacao.dir/C_/Users/marco/.pico-sdk/sdk/2.1.0/src/rp2_common/pico_printf/printf.c.obj
 .text._ftoa    0x100030e4      0x3c0 CMakeFiles/TarefaAnimacao.dir/C_/Users/marco/.pico-sdk/sdk/2.1.0/src/rp2_common/pico_printf/printf.c.obj
 .text._vsnprintf
                0x100034a4      0xbc8 CMakeFiles/TarefaAnimacao.dir/C_/Users/marco/.pico-sdk/sdk/2.1.0/src/rp2_common/pico_printf/printf.c.obj
 .text.vfctprintf
                0x1000406c       0x20 CMakeFiles/TarefaAnimacao.dir/C_/Users/marco/.pico-sdk/sdk/2.1.0/src/rp2_common/pico_printf/printf.c.obj
                0x1000406c                vfctprintf
 .text.weak_raw_vprintf
                0x1000408c       0x30 CMakeFiles/TarefaAnimacao.dir/C_/Users/marco/.pico-sdk/sdk/2.1.0/src/rp2_common/pico_printf/printf.c.obj
                0x1000408c                weak_raw_vprintf
 .text._exit    0x100040bc        0x4 CMakeFiles/TarefaAnimacao.dir/C_/Users/marco/.pico-sdk/sdk/2.1.0/src/rp2_common/pico_clib_interface/newlib_interface.c.obj
                0x100040bc                _exit
 .text.exit     0x100040c0        0x8 CMakeFiles/TarefaAnimacao.dir/C_/Users/marco/.pico-sdk/sdk/2.1.0/src/rp2_common/pico_clib_interface/newlib_interface.c.obj
                0x100040c0                exit
 .text.runtime_init
                0x100040c8       0x2c CMakeFiles/TarefaAnimacao.dir/C_/Users/marco/.pico-sdk/sdk/2.1.0/src/rp2_common/pico_clib_interface/newlib_interface.c.obj
                0x100040c8                runtime_init
 .text.stdio_out_chars_no_crlf
                0x100040f4       0x10 CMakeFiles/TarefaAnimacao.dir/C_/Users/marco/.pico-sdk/sdk/2.1.0/src/rp2_common/pico_stdio/stdio.c.obj
 .text.stdio_out_chars_crlf
                0x10004104       0x94 CMakeFiles/TarefaAnimacao.dir/C_/Users/marco/.pico-sdk/sdk/2.1.0/src/rp2_common/pico_stdio/stdio.c.obj
 .text.stdio_buffered_printer
                0x10004198       0x64 CMakeFiles/TarefaAnimacao.dir/C_/Users/marco/.pico-sdk/sdk/2.1.0/src/rp2_common/pico_stdio/stdio.c.obj
 .text.stdio_put_string
                0x100041fc      0x100 CMakeFiles/TarefaAnimacao.dir/C_/Users/marco/.pico-sdk/sdk/2.1.0/src/rp2_common/pico_stdio/stdio.c.obj
                0x100041fc                stdio_put_string
 .text.stdio_set_driver_enabled
                0x100042fc       0x30 CMakeFiles/TarefaAnimacao.dir/C_/Users/marco/.pico-sdk/sdk/2.1.0/src/rp2_common/pico_stdio/stdio.c.obj
                0x100042fc                stdio_set_driver_enabled
 .text.stdio_init_all
                0x1000432c        0x8 CMakeFiles/TarefaAnimacao.dir/C_/Users/marco/.pico-sdk/sdk/2.1.0/src/rp2_common/pico_stdio/stdio.c.obj
                0x1000432c                stdio_init_all
 .text.__wrap_putchar
                0x10004334       0x98 CMakeFiles/TarefaAnimacao.dir/C_/Users/marco/.pico-sdk/sdk/2.1.0/src/rp2_common/pico_stdio/stdio.c.obj
                0x10004334                __wrap_putchar
                0x10004334                stdio_putchar
 .text.__wrap_puts
                0x100043cc       0x3c CMakeFiles/TarefaAnimacao.dir/C_/Users/marco/.pico-sdk/sdk/2.1.0/src/rp2_common/pico_stdio/stdio.c.obj
                0x100043cc                stdio_puts
                0x100043cc                __wrap_puts
 .text.__wrap_vprintf
                0x10004408       0xd4 CMakeFiles/TarefaAnimacao.dir/C_/Users/marco/.pico-sdk/sdk/2.1.0/src/rp2_common/pico_stdio/stdio.c.obj
                0x10004408                stdio_vprintf
                0x10004408                __wrap_vprintf
 .text.__wrap_printf
                0x100044dc       0x18 CMakeFiles/TarefaAnimacao.dir/C_/Users/marco/.pico-sdk/sdk/2.1.0/src/rp2_common/pico_stdio/stdio.c.obj
                0x100044dc                __wrap_printf
                0x100044dc                stdio_printf
 .text.resetd_init
                0x100044f4        0x4 CMakeFiles/TarefaAnimacao.dir/C_/Users/marco/.pico-sdk/sdk/2.1.0/src/rp2_common/pico_stdio_usb/reset_interface.c.obj
 .text.resetd_reset
                0x100044f8        0xc CMakeFiles/TarefaAnimacao.dir/C_/Users/marco/.pico-sdk/sdk/2.1.0/src/rp2_common/pico_stdio_usb/reset_interface.c.obj
 .text.resetd_open
                0x10004504       0x28 CMakeFiles/TarefaAnimacao.dir/C_/Users/marco/.pico-sdk/sdk/2.1.0/src/rp2_common/pico_stdio_usb/reset_interface.c.obj
 .text.resetd_xfer_cb
                0x1000452c        0x4 CMakeFiles/TarefaAnimacao.dir/C_/Users/marco/.pico-sdk/sdk/2.1.0/src/rp2_common/pico_stdio_usb/reset_interface.c.obj
 .text.resetd_control_xfer_cb
                0x10004530       0x5c CMakeFiles/TarefaAnimacao.dir/C_/Users/marco/.pico-sdk/sdk/2.1.0/src/rp2_common/pico_stdio_usb/reset_interface.c.obj
 .text.tud_descriptor_bos_cb
                0x1000458c        0x8 CMakeFiles/TarefaAnimacao.dir/C_/Users/marco/.pico-sdk/sdk/2.1.0/src/rp2_common/pico_stdio_usb/reset_interface.c.obj
                0x1000458c                tud_descriptor_bos_cb
 .text.tud_vendor_control_xfer_cb
                0x10004594       0x34 CMakeFiles/TarefaAnimacao.dir/C_/Users/marco/.pico-sdk/sdk/2.1.0/src/rp2_common/pico_stdio_usb/reset_interface.c.obj
                0x10004594                tud_vendor_control_xfer_cb
 .text.usbd_app_driver_get_cb
                0x100045c8        0xc CMakeFiles/TarefaAnimacao.dir/C_/Users/marco/.pico-sdk/sdk/2.1.0/src/rp2_common/pico_stdio_usb/reset_interface.c.obj
                0x100045c8                usbd_app_driver_get_cb
 .text.tud_cdc_line_coding_cb
                0x100045d4       0x2c CMakeFiles/TarefaAnimacao.dir/C_/Users/marco/.pico-sdk/sdk/2.1.0/src/rp2_common/pico_stdio_usb/reset_interface.c.obj
                0x100045d4                tud_cdc_line_coding_cb
 .text.stdio_usb_set_chars_available_callback
                0x10004600       0x14 CMakeFiles/TarefaAnimacao.dir/C_/Users/marco/.pico-sdk/sdk/2.1.0/src/rp2_common/pico_stdio_usb/stdio_usb.c.obj
                0x10004600                stdio_usb_set_chars_available_callback
 .text.usb_irq  0x10004614       0x10 CMakeFiles/TarefaAnimacao.dir/C_/Users/marco/.pico-sdk/sdk/2.1.0/src/rp2_common/pico_stdio_usb/stdio_usb.c.obj
 .text.timer_task
                0x10004624       0x64 CMakeFiles/TarefaAnimacao.dir/C_/Users/marco/.pico-sdk/sdk/2.1.0/src/rp2_common/pico_stdio_usb/stdio_usb.c.obj
 .text.stdio_usb_in_chars
                0x10004688       0x90 CMakeFiles/TarefaAnimacao.dir/C_/Users/marco/.pico-sdk/sdk/2.1.0/src/rp2_common/pico_stdio_usb/stdio_usb.c.obj
                0x10004688                stdio_usb_in_chars
 .text.stdio_usb_out_flush
                0x10004718       0x50 CMakeFiles/TarefaAnimacao.dir/C_/Users/marco/.pico-sdk/sdk/2.1.0/src/rp2_common/pico_stdio_usb/stdio_usb.c.obj
 .text.stdio_usb_out_chars
                0x10004768      0x104 CMakeFiles/TarefaAnimacao.dir/C_/Users/marco/.pico-sdk/sdk/2.1.0/src/rp2_common/pico_stdio_usb/stdio_usb.c.obj
 .text.low_priority_worker_irq
                0x1000486c       0xcc CMakeFiles/TarefaAnimacao.dir/C_/Users/marco/.pico-sdk/sdk/2.1.0/src/rp2_common/pico_stdio_usb/stdio_usb.c.obj
 .text.stdio_usb_init
                0x10004938       0xe8 CMakeFiles/TarefaAnimacao.dir/C_/Users/marco/.pico-sdk/sdk/2.1.0/src/rp2_common/pico_stdio_usb/stdio_usb.c.obj
                0x10004938                stdio_usb_init
 .text.tud_descriptor_device_cb
                0x10004a20        0x8 CMakeFiles/TarefaAnimacao.dir/C_/Users/marco/.pico-sdk/sdk/2.1.0/src/rp2_common/pico_stdio_usb/stdio_usb_descriptors.c.obj
                0x10004a20                tud_descriptor_device_cb
 .text.tud_descriptor_configuration_cb
                0x10004a28        0x8 CMakeFiles/TarefaAnimacao.dir/C_/Users/marco/.pico-sdk/sdk/2.1.0/src/rp2_common/pico_stdio_usb/stdio_usb_descriptors.c.obj
                0x10004a28                tud_descriptor_configuration_cb
 .text.tud_descriptor_string_cb
                0x10004a30       0x78 CMakeFiles/TarefaAnimacao.dir/C_/Users/marco/.pico-sdk/sdk/2.1.0/src/rp2_common/pico_stdio_usb/stdio_usb_descriptors.c.obj
                0x10004a30                tud_descriptor_string_cb
 .text.startup._retrieve_unique_id_on_boot
                0x10004aa8       0x10 CMakeFiles/TarefaAnimacao.dir/C_/Users/marco/.pico-sdk/sdk/2.1.0/src/rp2_common/pico_unique_id/unique_id.c.obj
 .text.pico_get_unique_board_id_string
                0x10004ab8      0x1a8 CMakeFiles/TarefaAnimacao.dir/C_/Users/marco/.pico-sdk/sdk/2.1.0/src/rp2_common/pico_unique_id/unique_id.c.obj
                0x10004ab8                pico_get_unique_board_id_string
 .text.flash_get_unique_id
                0x10004c60       0x3c CMakeFiles/TarefaAnimacao.dir/C_/Users/marco/.pico-sdk/sdk/2.1.0/src/rp2_common/hardware_flash/flash.c.obj
                0x10004c60                flash_get_unique_id
 .text.dcd_init
                0x10004c9c       0x8c CMakeFiles/TarefaAnimacao.dir/C_/Users/marco/.pico-sdk/sdk/2.1.0/lib/tinyusb/src/portable/raspberrypi/rp2040/dcd_rp2040.c.obj
                0x10004c9c                dcd_init
 .text.dcd_int_enable
                0x10004d28        0xc CMakeFiles/TarefaAnimacao.dir/C_/Users/marco/.pico-sdk/sdk/2.1.0/lib/tinyusb/src/portable/raspberrypi/rp2040/dcd_rp2040.c.obj
                0x10004d28                dcd_int_enable
 .text.dcd_set_address
                0x10004d34       0x14 CMakeFiles/TarefaAnimacao.dir/C_/Users/marco/.pico-sdk/sdk/2.1.0/lib/tinyusb/src/portable/raspberrypi/rp2040/dcd_rp2040.c.obj
                0x10004d34                dcd_set_address
 .text.dcd_sof_enable
                0x10004d48       0x1c CMakeFiles/TarefaAnimacao.dir/C_/Users/marco/.pico-sdk/sdk/2.1.0/lib/tinyusb/src/portable/raspberrypi/rp2040/dcd_rp2040.c.obj
                0x10004d48                dcd_sof_enable
 .text.dcd_edpt0_status_complete
                0x10004d64       0x1c CMakeFiles/TarefaAnimacao.dir/C_/Users/marco/.pico-sdk/sdk/2.1.0/lib/tinyusb/src/portable/raspberrypi/rp2040/dcd_rp2040.c.obj
                0x10004d64                dcd_edpt0_status_complete
 .text.dcd_edpt_open
                0x10004d80      0x108 CMakeFiles/TarefaAnimacao.dir/C_/Users/marco/.pico-sdk/sdk/2.1.0/lib/tinyusb/src/portable/raspberrypi/rp2040/dcd_rp2040.c.obj
                0x10004d80                dcd_edpt_open
 .text.dcd_edpt_close_all
                0x10004e88        0x8 CMakeFiles/TarefaAnimacao.dir/C_/Users/marco/.pico-sdk/sdk/2.1.0/lib/tinyusb/src/portable/raspberrypi/rp2040/dcd_rp2040.c.obj
                0x10004e88                dcd_edpt_close_all
 .text.dcd_edpt_xfer
                0x10004e90       0x24 CMakeFiles/TarefaAnimacao.dir/C_/Users/marco/.pico-sdk/sdk/2.1.0/lib/tinyusb/src/portable/raspberrypi/rp2040/dcd_rp2040.c.obj
                0x10004e90                dcd_edpt_xfer
 .text.dcd_edpt_stall
                0x10004eb4       0x34 CMakeFiles/TarefaAnimacao.dir/C_/Users/marco/.pico-sdk/sdk/2.1.0/lib/tinyusb/src/portable/raspberrypi/rp2040/dcd_rp2040.c.obj
                0x10004eb4                dcd_edpt_stall
 .text.dcd_edpt_clear_stall
                0x10004ee8       0x30 CMakeFiles/TarefaAnimacao.dir/C_/Users/marco/.pico-sdk/sdk/2.1.0/lib/tinyusb/src/portable/raspberrypi/rp2040/dcd_rp2040.c.obj
                0x10004ee8                dcd_edpt_clear_stall
 .text.rp2040_usb_init
                0x10004f18       0x40 CMakeFiles/TarefaAnimacao.dir/C_/Users/marco/.pico-sdk/sdk/2.1.0/lib/tinyusb/src/portable/raspberrypi/rp2040/rp2040_usb.c.obj
                0x10004f18                rp2040_usb_init
 .text.hw_endpoint_xfer_start
                0x10004f58       0x40 CMakeFiles/TarefaAnimacao.dir/C_/Users/marco/.pico-sdk/sdk/2.1.0/lib/tinyusb/src/portable/raspberrypi/rp2040/rp2040_usb.c.obj
                0x10004f58                hw_endpoint_xfer_start
 .text.tud_event_hook_cb
                0x10004f98        0x4 CMakeFiles/TarefaAnimacao.dir/C_/Users/marco/.pico-sdk/sdk/2.1.0/lib/tinyusb/src/device/usbd.c.obj
                0x10004f98                tud_event_hook_cb
 .text.tud_sof_cb
                0x10004f9c        0x4 CMakeFiles/TarefaAnimacao.dir/C_/Users/marco/.pico-sdk/sdk/2.1.0/lib/tinyusb/src/device/usbd.c.obj
                0x10004f9c                tud_sof_cb
 .text.tud_descriptor_device_qualifier_cb
                0x10004fa0        0x4 CMakeFiles/TarefaAnimacao.dir/C_/Users/marco/.pico-sdk/sdk/2.1.0/lib/tinyusb/src/device/usbd.c.obj
                0x10004fa0                tud_descriptor_device_qualifier_cb
 .text.tud_descriptor_other_speed_configuration_cb
                0x10004fa4        0x4 CMakeFiles/TarefaAnimacao.dir/C_/Users/marco/.pico-sdk/sdk/2.1.0/lib/tinyusb/src/device/usbd.c.obj
                0x10004fa4                tud_descriptor_other_speed_configuration_cb
 .text.tud_mount_cb
                0x10004fa8        0x4 CMakeFiles/TarefaAnimacao.dir/C_/Users/marco/.pico-sdk/sdk/2.1.0/lib/tinyusb/src/device/usbd.c.obj
                0x10004fa8                tud_mount_cb
 .text.tud_umount_cb
                0x10004fac        0x4 CMakeFiles/TarefaAnimacao.dir/C_/Users/marco/.pico-sdk/sdk/2.1.0/lib/tinyusb/src/device/usbd.c.obj
                0x10004fac                tud_umount_cb
 .text.tud_suspend_cb
                0x10004fb0        0x4 CMakeFiles/TarefaAnimacao.dir/C_/Users/marco/.pico-sdk/sdk/2.1.0/lib/tinyusb/src/device/usbd.c.obj
                0x10004fb0                tud_suspend_cb
 .text.tud_resume_cb
                0x10004fb4        0x4 CMakeFiles/TarefaAnimacao.dir/C_/Users/marco/.pico-sdk/sdk/2.1.0/lib/tinyusb/src/device/usbd.c.obj
                0x10004fb4                tud_resume_cb
 .text.tud_mounted
                0x10004fb8       0x10 CMakeFiles/TarefaAnimacao.dir/C_/Users/marco/.pico-sdk/sdk/2.1.0/lib/tinyusb/src/device/usbd.c.obj
                0x10004fb8                tud_mounted
 .text.tud_suspended
                0x10004fc8       0x10 CMakeFiles/TarefaAnimacao.dir/C_/Users/marco/.pico-sdk/sdk/2.1.0/lib/tinyusb/src/device/usbd.c.obj
                0x10004fc8                tud_suspended
 .text.tud_init
                0x10004fd8       0xe4 CMakeFiles/TarefaAnimacao.dir/C_/Users/marco/.pico-sdk/sdk/2.1.0/lib/tinyusb/src/device/usbd.c.obj
                0x10004fd8                tud_init
 .text.tud_task_ext
                0x100050bc      0x800 CMakeFiles/TarefaAnimacao.dir/C_/Users/marco/.pico-sdk/sdk/2.1.0/lib/tinyusb/src/device/usbd.c.obj
                0x100050bc                tud_task_ext
 .text.usbd_open_edpt_pair
                0x100058bc       0x9c CMakeFiles/TarefaAnimacao.dir/C_/Users/marco/.pico-sdk/sdk/2.1.0/lib/tinyusb/src/device/usbd.c.obj
                0x100058bc                usbd_open_edpt_pair
 .text.usbd_edpt_open
                0x10005958       0x34 CMakeFiles/TarefaAnimacao.dir/C_/Users/marco/.pico-sdk/sdk/2.1.0/lib/tinyusb/src/device/usbd.c.obj
                0x10005958                usbd_edpt_open
 .text.usbd_edpt_claim
                0x1000598c       0x28 CMakeFiles/TarefaAnimacao.dir/C_/Users/marco/.pico-sdk/sdk/2.1.0/lib/tinyusb/src/device/usbd.c.obj
                0x1000598c                usbd_edpt_claim
 .text.usbd_edpt_release
                0x100059b4       0x28 CMakeFiles/TarefaAnimacao.dir/C_/Users/marco/.pico-sdk/sdk/2.1.0/lib/tinyusb/src/device/usbd.c.obj
                0x100059b4                usbd_edpt_release
 .text.usbd_edpt_xfer
                0x100059dc       0x4c CMakeFiles/TarefaAnimacao.dir/C_/Users/marco/.pico-sdk/sdk/2.1.0/lib/tinyusb/src/device/usbd.c.obj
                0x100059dc                usbd_edpt_xfer
 .text.tud_control_status
                0x10005a28       0x2c CMakeFiles/TarefaAnimacao.dir/C_/Users/marco/.pico-sdk/sdk/2.1.0/lib/tinyusb/src/device/usbd_control.c.obj
                0x10005a28                tud_control_status
 .text.tud_control_xfer
                0x10005a54       0xac CMakeFiles/TarefaAnimacao.dir/C_/Users/marco/.pico-sdk/sdk/2.1.0/lib/tinyusb/src/device/usbd_control.c.obj
                0x10005a54                tud_control_xfer
 .text.usbd_control_reset
                0x10005b00       0x14 CMakeFiles/TarefaAnimacao.dir/C_/Users/marco/.pico-sdk/sdk/2.1.0/lib/tinyusb/src/device/usbd_control.c.obj
                0x10005b00                usbd_control_reset
 .text.usbd_control_set_complete_callback
                0x10005b14        0xc CMakeFiles/TarefaAnimacao.dir/C_/Users/marco/.pico-sdk/sdk/2.1.0/lib/tinyusb/src/device/usbd_control.c.obj
                0x10005b14                usbd_control_set_complete_callback
 .text.usbd_control_set_request
                0x10005b20       0x1c CMakeFiles/TarefaAnimacao.dir/C_/Users/marco/.pico-sdk/sdk/2.1.0/lib/tinyusb/src/device/usbd_control.c.obj
                0x10005b20                usbd_control_set_request
 .text.usbd_control_xfer_cb
                0x10005b3c       0xec CMakeFiles/TarefaAnimacao.dir/C_/Users/marco/.pico-sdk/sdk/2.1.0/lib/tinyusb/src/device/usbd_control.c.obj
                0x10005b3c                usbd_control_xfer_cb
 .text._prep_out_transaction.isra.0
                0x10005c28       0x5c CMakeFiles/TarefaAnimacao.dir/C_/Users/marco/.pico-sdk/sdk/2.1.0/lib/tinyusb/src/class/cdc/cdc_device.c.obj
 .text.tud_cdc_n_connected
                0x10005c84       0x30 CMakeFiles/TarefaAnimacao.dir/C_/Users/marco/.pico-sdk/sdk/2.1.0/lib/tinyusb/src/class/cdc/cdc_device.c.obj
                0x10005c84                tud_cdc_n_connected
 .text.tud_cdc_n_available
                0x10005cb4       0x18 CMakeFiles/TarefaAnimacao.dir/C_/Users/marco/.pico-sdk/sdk/2.1.0/lib/tinyusb/src/class/cdc/cdc_device.c.obj
                0x10005cb4                tud_cdc_n_available
 .text.tud_cdc_n_read
                0x10005ccc       0x98 CMakeFiles/TarefaAnimacao.dir/C_/Users/marco/.pico-sdk/sdk/2.1.0/lib/tinyusb/src/class/cdc/cdc_device.c.obj
                0x10005ccc                tud_cdc_n_read
 .text.tud_cdc_n_write_flush
                0x10005d64       0x78 CMakeFiles/TarefaAnimacao.dir/C_/Users/marco/.pico-sdk/sdk/2.1.0/lib/tinyusb/src/class/cdc/cdc_device.c.obj
                0x10005d64                tud_cdc_n_write_flush
 .text.tud_cdc_n_write
                0x10005ddc       0x40 CMakeFiles/TarefaAnimacao.dir/C_/Users/marco/.pico-sdk/sdk/2.1.0/lib/tinyusb/src/class/cdc/cdc_device.c.obj
                0x10005ddc                tud_cdc_n_write
 .text.tud_cdc_n_write_available
                0x10005e1c       0x18 CMakeFiles/TarefaAnimacao.dir/C_/Users/marco/.pico-sdk/sdk/2.1.0/lib/tinyusb/src/class/cdc/cdc_device.c.obj
                0x10005e1c                tud_cdc_n_write_available
 .text.cdcd_init
                0x10005e34       0x7c CMakeFiles/TarefaAnimacao.dir/C_/Users/marco/.pico-sdk/sdk/2.1.0/lib/tinyusb/src/class/cdc/cdc_device.c.obj
                0x10005e34                cdcd_init
 .text.cdcd_deinit
                0x10005eb0       0x34 CMakeFiles/TarefaAnimacao.dir/C_/Users/marco/.pico-sdk/sdk/2.1.0/lib/tinyusb/src/class/cdc/cdc_device.c.obj
                0x10005eb0                cdcd_deinit
 .text.cdcd_reset
                0x10005ee4       0x4c CMakeFiles/TarefaAnimacao.dir/C_/Users/marco/.pico-sdk/sdk/2.1.0/lib/tinyusb/src/class/cdc/cdc_device.c.obj
                0x10005ee4                cdcd_reset
 .text.cdcd_open
                0x10005f30       0xb0 CMakeFiles/TarefaAnimacao.dir/C_/Users/marco/.pico-sdk/sdk/2.1.0/lib/tinyusb/src/class/cdc/cdc_device.c.obj
                0x10005f30                cdcd_open
 .text.cdcd_control_xfer_cb
                0x10005fe0       0xe4 CMakeFiles/TarefaAnimacao.dir/C_/Users/marco/.pico-sdk/sdk/2.1.0/lib/tinyusb/src/class/cdc/cdc_device.c.obj
                0x10005fe0                cdcd_control_xfer_cb
 .text.cdcd_xfer_cb
                0x100060c4      0x100 CMakeFiles/TarefaAnimacao.dir/C_/Users/marco/.pico-sdk/sdk/2.1.0/lib/tinyusb/src/class/cdc/cdc_device.c.obj
                0x100060c4                cdcd_xfer_cb
 .text.vendord_init
                0x100061c4       0x5c CMakeFiles/TarefaAnimacao.dir/C_/Users/marco/.pico-sdk/sdk/2.1.0/lib/tinyusb/src/class/vendor/vendor_device.c.obj
                0x100061c4                vendord_init
 .text.vendord_deinit
                0x10006220       0x1c CMakeFiles/TarefaAnimacao.dir/C_/Users/marco/.pico-sdk/sdk/2.1.0/lib/tinyusb/src/class/vendor/vendor_device.c.obj
                0x10006220                vendord_deinit
 .text.vendord_reset
                0x1000623c       0x20 CMakeFiles/TarefaAnimacao.dir/C_/Users/marco/.pico-sdk/sdk/2.1.0/lib/tinyusb/src/class/vendor/vendor_device.c.obj
                0x1000623c                vendord_reset
 .text.vendord_open
                0x1000625c      0x138 CMakeFiles/TarefaAnimacao.dir/C_/Users/marco/.pico-sdk/sdk/2.1.0/lib/tinyusb/src/class/vendor/vendor_device.c.obj
                0x1000625c                vendord_open
 .text.vendord_xfer_cb
                0x10006394       0x9c CMakeFiles/TarefaAnimacao.dir/C_/Users/marco/.pico-sdk/sdk/2.1.0/lib/tinyusb/src/class/vendor/vendor_device.c.obj
                0x10006394                vendord_xfer_cb
 .text.tusb_init
                0x10006430        0xc CMakeFiles/TarefaAnimacao.dir/C_/Users/marco/.pico-sdk/sdk/2.1.0/lib/tinyusb/src/tusb.c.obj
                0x10006430                tusb_init
 .text.tu_edpt_claim
                0x1000643c       0x50 CMakeFiles/TarefaAnimacao.dir/C_/Users/marco/.pico-sdk/sdk/2.1.0/lib/tinyusb/src/tusb.c.obj
                0x1000643c                tu_edpt_claim
 .text.tu_edpt_release
                0x1000648c       0x38 CMakeFiles/TarefaAnimacao.dir/C_/Users/marco/.pico-sdk/sdk/2.1.0/lib/tinyusb/src/tusb.c.obj
                0x1000648c                tu_edpt_release
 .text.tu_edpt_validate
                0x100064c4       0x7c CMakeFiles/TarefaAnimacao.dir/C_/Users/marco/.pico-sdk/sdk/2.1.0/lib/tinyusb/src/tusb.c.obj
                0x100064c4                tu_edpt_validate
 .text.tu_edpt_bind_driver
                0x10006540       0x34 CMakeFiles/TarefaAnimacao.dir/C_/Users/marco/.pico-sdk/sdk/2.1.0/lib/tinyusb/src/tusb.c.obj
                0x10006540                tu_edpt_bind_driver
 .text.tu_edpt_stream_init
                0x10006574       0x6c CMakeFiles/TarefaAnimacao.dir/C_/Users/marco/.pico-sdk/sdk/2.1.0/lib/tinyusb/src/tusb.c.obj
                0x10006574                tu_edpt_stream_init
 .text.tu_edpt_stream_deinit
                0x100065e0        0x4 CMakeFiles/TarefaAnimacao.dir/C_/Users/marco/.pico-sdk/sdk/2.1.0/lib/tinyusb/src/tusb.c.obj
                0x100065e0                tu_edpt_stream_deinit
 .text.tu_edpt_stream_write_zlp_if_needed
                0x100065e4       0x68 CMakeFiles/TarefaAnimacao.dir/C_/Users/marco/.pico-sdk/sdk/2.1.0/lib/tinyusb/src/tusb.c.obj
                0x100065e4                tu_edpt_stream_write_zlp_if_needed
 .text.tu_edpt_stream_write_xfer
                0x1000664c       0x64 CMakeFiles/TarefaAnimacao.dir/C_/Users/marco/.pico-sdk/sdk/2.1.0/lib/tinyusb/src/tusb.c.obj
                0x1000664c                tu_edpt_stream_write_xfer
 .text.tu_edpt_stream_read_xfer
                0x100066b0       0xdc CMakeFiles/TarefaAnimacao.dir/C_/Users/marco/.pico-sdk/sdk/2.1.0/lib/tinyusb/src/tusb.c.obj
                0x100066b0                tu_edpt_stream_read_xfer
 .text.tu_fifo_config
                0x1000678c       0x6c CMakeFiles/TarefaAnimacao.dir/C_/Users/marco/.pico-sdk/sdk/2.1.0/lib/tinyusb/src/common/tusb_fifo.c.obj
                0x1000678c                tu_fifo_config
 .text.tu_fifo_count
                0x100067f8       0x2c CMakeFiles/TarefaAnimacao.dir/C_/Users/marco/.pico-sdk/sdk/2.1.0/lib/tinyusb/src/common/tusb_fifo.c.obj
                0x100067f8                tu_fifo_count
 .text.tu_fifo_empty
                0x10006824       0x10 CMakeFiles/TarefaAnimacao.dir/C_/Users/marco/.pico-sdk/sdk/2.1.0/lib/tinyusb/src/common/tusb_fifo.c.obj
                0x10006824                tu_fifo_empty
 .text.tu_fifo_remaining
                0x10006834       0x2c CMakeFiles/TarefaAnimacao.dir/C_/Users/marco/.pico-sdk/sdk/2.1.0/lib/tinyusb/src/common/tusb_fifo.c.obj
                0x10006834                tu_fifo_remaining
 .text.tu_fifo_read
                0x10006860       0x9c CMakeFiles/TarefaAnimacao.dir/C_/Users/marco/.pico-sdk/sdk/2.1.0/lib/tinyusb/src/common/tusb_fifo.c.obj
                0x10006860                tu_fifo_read
 .text.tu_fifo_read_n
                0x100068fc       0xe8 CMakeFiles/TarefaAnimacao.dir/C_/Users/marco/.pico-sdk/sdk/2.1.0/lib/tinyusb/src/common/tusb_fifo.c.obj
                0x100068fc                tu_fifo_read_n
 .text.tu_fifo_write
                0x100069e4       0xa8 CMakeFiles/TarefaAnimacao.dir/C_/Users/marco/.pico-sdk/sdk/2.1.0/lib/tinyusb/src/common/tusb_fifo.c.obj
                0x100069e4                tu_fifo_write
 .text.tu_fifo_write_n
                0x10006a8c      0x178 CMakeFiles/TarefaAnimacao.dir/C_/Users/marco/.pico-sdk/sdk/2.1.0/lib/tinyusb/src/common/tusb_fifo.c.obj
                0x10006a8c                tu_fifo_write_n
 .text.tu_fifo_clear
                0x10006c04       0x40 CMakeFiles/TarefaAnimacao.dir/C_/Users/marco/.pico-sdk/sdk/2.1.0/lib/tinyusb/src/common/tusb_fifo.c.obj
                0x10006c04                tu_fifo_clear
 .text.tu_fifo_set_overwritable
                0x10006c44       0x48 CMakeFiles/TarefaAnimacao.dir/C_/Users/marco/.pico-sdk/sdk/2.1.0/lib/tinyusb/src/common/tusb_fifo.c.obj
                0x10006c44                tu_fifo_set_overwritable
 .text.pio_claim_unused_sm
                0x10006c8c       0x38 CMakeFiles/TarefaAnimacao.dir/C_/Users/marco/.pico-sdk/sdk/2.1.0/src/rp2_common/hardware_pio/pio.c.obj
                0x10006c8c                pio_claim_unused_sm
 .text.pio_add_program
                0x10006cc4      0x104 CMakeFiles/TarefaAnimacao.dir/C_/Users/marco/.pico-sdk/sdk/2.1.0/src/rp2_common/hardware_pio/pio.c.obj
                0x10006cc4                pio_add_program
 .text.pio_sm_set_consecutive_pindirs
                0x10006dc8       0xb4 CMakeFiles/TarefaAnimacao.dir/C_/Users/marco/.pico-sdk/sdk/2.1.0/src/rp2_common/hardware_pio/pio.c.obj
                0x10006dc8                pio_sm_set_consecutive_pindirs
 .text.pio_sm_init
                0x10006e7c       0x9c CMakeFiles/TarefaAnimacao.dir/C_/Users/marco/.pico-sdk/sdk/2.1.0/src/rp2_common/hardware_pio/pio.c.obj
                0x10006e7c                pio_sm_init
 .text.strlen   0x10006f18       0x5c C:/Users/marco/.pico-sdk/toolchain/13_3_Rel1/bin/../lib/gcc/arm-none-eabi/13.3.1/thumb/v6-m/nofp\libg.a(libc_a-strlen-stub.o)
                0x10006f18                strlen
 *(.fini)
 .fini          0x10006f74        0x4 C:/Users/marco/.pico-sdk/toolchain/13_3_Rel1/bin/../lib/gcc/arm-none-eabi/13.3.1/thumb/v6-m/nofp/crti.o
                0x10006f74                _fini
 .fini.__stub   0x10006f78       0xc0 linker stubs
 *crtbegin.o(.ctors)
 *crtbegin?.o(.ctors)
 *(EXCLUDE_FILE(*crtend.o *crtend?.o) .ctors)
 *(SORT_BY_NAME(.ctors.*))
 *(.ctors)
 *crtbegin.o(.dtors)
 *crtbegin?.o(.dtors)
 *(EXCLUDE_FILE(*crtend.o *crtend?.o) .dtors)
 *(SORT_BY_NAME(.dtors.*))
 *(.dtors)
                0x10007038                        . = ALIGN (0x4)
                0x10007038                        PROVIDE (__preinit_array_start = .)
 *(SORT_BY_NAME(.preinit_array.*))
 .preinit_array.00100
                0x10007038        0x4 CMakeFiles/TarefaAnimacao.dir/C_/Users/marco/.pico-sdk/sdk/2.1.0/src/rp2_common/pico_runtime_init/runtime_init.c.obj
                0x10007038                __pre_init_runtime_init_early_resets
 .preinit_array.00101
                0x1000703c        0x4 CMakeFiles/TarefaAnimacao.dir/C_/Users/marco/.pico-sdk/sdk/2.1.0/src/rp2_common/pico_runtime_init/runtime_init.c.obj
                0x1000703c                __pre_init_runtime_init_usb_power_down
 .preinit_array.00275
                0x10007040        0x4 CMakeFiles/TarefaAnimacao.dir/C_/Users/marco/.pico-sdk/sdk/2.1.0/src/rp2_common/pico_bit_ops/bit_ops_aeabi.S.obj
 .preinit_array.00300
                0x10007044        0x4 CMakeFiles/TarefaAnimacao.dir/C_/Users/marco/.pico-sdk/sdk/2.1.0/src/rp2_common/pico_mem_ops/mem_ops_aeabi.S.obj
 .preinit_array.00350
                0x10007048        0x4 CMakeFiles/TarefaAnimacao.dir/C_/Users/marco/.pico-sdk/sdk/2.1.0/src/rp2_common/pico_double/double_aeabi_rp2040.S.obj
 .preinit_array.00350
                0x1000704c        0x4 CMakeFiles/TarefaAnimacao.dir/C_/Users/marco/.pico-sdk/sdk/2.1.0/src/rp2_common/pico_float/float_aeabi_rp2040.S.obj
 .preinit_array.00500
                0x10007050        0x4 CMakeFiles/TarefaAnimacao.dir/C_/Users/marco/.pico-sdk/sdk/2.1.0/src/rp2_common/pico_runtime_init/runtime_init.c.obj
                0x10007050                __pre_init_runtime_init_clocks
 .preinit_array.00600
                0x10007054        0x4 CMakeFiles/TarefaAnimacao.dir/C_/Users/marco/.pico-sdk/sdk/2.1.0/src/rp2_common/pico_runtime_init/runtime_init.c.obj
                0x10007054                __pre_init_runtime_init_post_clock_resets
 .preinit_array.00700
                0x10007058        0x4 CMakeFiles/TarefaAnimacao.dir/C_/Users/marco/.pico-sdk/sdk/2.1.0/src/rp2_common/pico_runtime_init/runtime_init.c.obj
                0x10007058                __pre_init_runtime_init_rp2040_gpio_ie_disable
 .preinit_array.01000
                0x1000705c        0x4 CMakeFiles/TarefaAnimacao.dir/C_/Users/marco/.pico-sdk/sdk/2.1.0/src/rp2_common/pico_runtime_init/runtime_init.c.obj
                0x1000705c                __pre_init_runtime_init_spin_locks_reset
 .preinit_array.01100
                0x10007060        0x4 CMakeFiles/TarefaAnimacao.dir/C_/Users/marco/.pico-sdk/sdk/2.1.0/src/common/pico_sync/mutex.c.obj
                0x10007060                __pre_init_runtime_init_mutex
 .preinit_array.10080
                0x10007064        0x4 CMakeFiles/TarefaAnimacao.dir/C_/Users/marco/.pico-sdk/sdk/2.1.0/src/rp2_common/pico_runtime_init/runtime_init.c.obj
                0x10007064                __pre_init_runtime_init_install_ram_vector_table
 .preinit_array.11000
                0x10007068        0x4 CMakeFiles/TarefaAnimacao.dir/C_/Users/marco/.pico-sdk/sdk/2.1.0/src/common/pico_time/time.c.obj
                0x10007068                __pre_init_runtime_init_default_alarm_pool
 .preinit_array.YYYYY
                0x1000706c        0x4 CMakeFiles/TarefaAnimacao.dir/C_/Users/marco/.pico-sdk/sdk/2.1.0/src/rp2_common/pico_runtime/runtime.c.obj
                0x1000706c                __pre_init_first_per_core_initializer
 .preinit_array.ZZZZZ.01200
                0x10007070        0x4 CMakeFiles/TarefaAnimacao.dir/C_/Users/marco/.pico-sdk/sdk/2.1.0/src/rp2_common/hardware_irq/irq.c.obj
                0x10007070                __pre_init_runtime_init_per_core_irq_priorities
 *(.preinit_array)
                0x10007074                        PROVIDE (__preinit_array_end = .)
                0x10007074                        . = ALIGN (0x4)
                0x10007074                        PROVIDE (__init_array_start = .)
 *(SORT_BY_NAME(.init_array.*))
 *(.init_array)
 .init_array    0x10007074        0x4 C:/Users/marco/.pico-sdk/toolchain/13_3_Rel1/bin/../lib/gcc/arm-none-eabi/13.3.1/thumb/v6-m/nofp/crtbegin.o
 .init_array    0x10007078        0x4 CMakeFiles/TarefaAnimacao.dir/C_/Users/marco/.pico-sdk/sdk/2.1.0/src/rp2_common/pico_unique_id/unique_id.c.obj
                0x1000707c                        PROVIDE (__init_array_end = .)
                0x1000707c                        . = ALIGN (0x4)
                [!provide]                        PROVIDE (__fini_array_start = .)
 *(SORT_BY_NAME(.fini_array.*))
 *(.fini_array)
                [!provide]                        PROVIDE (__fini_array_end = .)
 *(.eh_frame*)
 .eh_frame      0x1000707c        0x0 C:/Users/marco/.pico-sdk/toolchain/13_3_Rel1/bin/../lib/gcc/arm-none-eabi/13.3.1/thumb/v6-m/nofp/crtbegin.o
                0x1000707c                        . = ALIGN (0x4)

.glue_7         0x1000707c        0x0
 .glue_7        0x1000707c        0x0 linker stubs

.glue_7t        0x1000707c        0x0
 .glue_7t       0x1000707c        0x0 linker stubs

.vfp11_veneer   0x1000707c        0x0
 .vfp11_veneer  0x1000707c        0x0 linker stubs

.v4_bx          0x1000707c        0x0
 .v4_bx         0x1000707c        0x0 linker stubs

.iplt           0x1000707c        0x0
 .iplt          0x1000707c        0x0 C:/Users/marco/.pico-sdk/toolchain/13_3_Rel1/bin/../lib/gcc/arm-none-eabi/13.3.1/thumb/v6-m/nofp/crtbegin.o

.rodata         0x10007080      0x6bc
 *(EXCLUDE_FILE(*libm.a: *libc.a:*lib_a-mem*.o *libgcc.a:) .rodata*)
 .rodata.main.str1.4
                0x10007080      0x1ec CMakeFiles/TarefaAnimacao.dir/TarefaAnimacao.c.obj
                                 0x37 (size before relaxing)
 .rodata.teclas_linhas
                0x1000726c        0x4 CMakeFiles/TarefaAnimacao.dir/TarefaAnimacao.c.obj
                0x1000726c                teclas_linhas
 .rodata.teclas_colunas
                0x10007270        0x4 CMakeFiles/TarefaAnimacao.dir/TarefaAnimacao.c.obj
                0x10007270                teclas_colunas
 .rodata.TarefaAnimacao_program
                0x10007274        0x8 CMakeFiles/TarefaAnimacao.dir/TarefaAnimacao.c.obj
 .rodata.TarefaAnimacao_program_instructions
                0x1000727c        0xe CMakeFiles/TarefaAnimacao.dir/TarefaAnimacao.c.obj
 .rodata.panic.str1.4
                0x1000728a       0x12 CMakeFiles/TarefaAnimacao.dir/C_/Users/marco/.pico-sdk/sdk/2.1.0/src/rp2_common/pico_platform_panic/panic.c.obj
 .rodata.spin_lock_claim_unused.str1.4
                0x1000728a       0x1b CMakeFiles/TarefaAnimacao.dir/C_/Users/marco/.pico-sdk/sdk/2.1.0/src/rp2_common/hardware_sync/sync.c.obj
 .rodata.user_irq_claim_unused.str1.4
                0x1000728a       0x1b CMakeFiles/TarefaAnimacao.dir/C_/Users/marco/.pico-sdk/sdk/2.1.0/src/rp2_common/hardware_irq/irq.c.obj
 .rodata.timer_hardware_alarm_claim.str1.4
                0x1000728a       0x22 CMakeFiles/TarefaAnimacao.dir/C_/Users/marco/.pico-sdk/sdk/2.1.0/src/rp2_common/hardware_timer/timer.c.obj
 .rodata.hard_assertion_failure.str1.4
                0x1000728a        0xc CMakeFiles/TarefaAnimacao.dir/C_/Users/marco/.pico-sdk/sdk/2.1.0/src/rp2_common/pico_runtime/runtime.c.obj
 .rodata.missing_double_func_shim.str1.4
                0x1000728a       0x18 CMakeFiles/TarefaAnimacao.dir/C_/Users/marco/.pico-sdk/sdk/2.1.0/src/rp2_common/pico_double/double_init_rom_rp2040.c.obj
 .rodata.missing_float_func_shim.str1.4
                0x1000728a        0x1 CMakeFiles/TarefaAnimacao.dir/C_/Users/marco/.pico-sdk/sdk/2.1.0/src/rp2_common/pico_float/float_init_rom_rp2040.c.obj
 .rodata.str1.4
                0x1000728a       0x48 CMakeFiles/TarefaAnimacao.dir/C_/Users/marco/.pico-sdk/sdk/2.1.0/src/rp2_common/pico_standard_binary_info/standard_binary_info.c.obj
 *fill*         0x1000728a        0x2 
 .rodata.__bi_84
                0x1000728c        0xc CMakeFiles/TarefaAnimacao.dir/C_/Users/marco/.pico-sdk/sdk/2.1.0/src/rp2_common/pico_standard_binary_info/standard_binary_info.c.obj
 .rodata.__bi_78
                0x10007298        0xc CMakeFiles/TarefaAnimacao.dir/C_/Users/marco/.pico-sdk/sdk/2.1.0/src/rp2_common/pico_standard_binary_info/standard_binary_info.c.obj
 .rodata.__bi_60
                0x100072a4        0xc CMakeFiles/TarefaAnimacao.dir/C_/Users/marco/.pico-sdk/sdk/2.1.0/src/rp2_common/pico_standard_binary_info/standard_binary_info.c.obj
 .rodata.__bi_54
                0x100072b0        0xc CMakeFiles/TarefaAnimacao.dir/C_/Users/marco/.pico-sdk/sdk/2.1.0/src/rp2_common/pico_standard_binary_info/standard_binary_info.c.obj
 .rodata.__bi_48
                0x100072bc        0xc CMakeFiles/TarefaAnimacao.dir/C_/Users/marco/.pico-sdk/sdk/2.1.0/src/rp2_common/pico_standard_binary_info/standard_binary_info.c.obj
 .rodata.__bi_42
                0x100072c8        0xc CMakeFiles/TarefaAnimacao.dir/C_/Users/marco/.pico-sdk/sdk/2.1.0/src/rp2_common/pico_standard_binary_info/standard_binary_info.c.obj
 .rodata.__bi_34
                0x100072d4        0xc CMakeFiles/TarefaAnimacao.dir/C_/Users/marco/.pico-sdk/sdk/2.1.0/src/rp2_common/pico_standard_binary_info/standard_binary_info.c.obj
 .rodata.__bi_26
                0x100072e0        0xc CMakeFiles/TarefaAnimacao.dir/C_/Users/marco/.pico-sdk/sdk/2.1.0/src/rp2_common/pico_standard_binary_info/standard_binary_info.c.obj
 .rodata._ftoa.str1.4
                0x100072ec       0x15 CMakeFiles/TarefaAnimacao.dir/C_/Users/marco/.pico-sdk/sdk/2.1.0/src/rp2_common/pico_printf/printf.c.obj
 .rodata._vsnprintf
                0x100072ec      0x19c CMakeFiles/TarefaAnimacao.dir/C_/Users/marco/.pico-sdk/sdk/2.1.0/src/rp2_common/pico_printf/printf.c.obj
 .rodata.pow10.0
                0x10007488       0x50 CMakeFiles/TarefaAnimacao.dir/C_/Users/marco/.pico-sdk/sdk/2.1.0/src/rp2_common/pico_printf/printf.c.obj
 .rodata.crlf_str.0
                0x100074d8        0x2 CMakeFiles/TarefaAnimacao.dir/C_/Users/marco/.pico-sdk/sdk/2.1.0/src/rp2_common/pico_stdio/stdio.c.obj
 *fill*         0x100074da        0x2 
 .rodata._resetd_driver
                0x100074dc       0x20 CMakeFiles/TarefaAnimacao.dir/C_/Users/marco/.pico-sdk/sdk/2.1.0/src/rp2_common/pico_stdio_usb/reset_interface.c.obj
 .rodata.desc_ms_os_20
                0x100074fc       0xa6 CMakeFiles/TarefaAnimacao.dir/C_/Users/marco/.pico-sdk/sdk/2.1.0/src/rp2_common/pico_stdio_usb/reset_interface.c.obj
 *fill*         0x100075a2        0x2 
 .rodata.desc_bos
                0x100075a4       0x21 CMakeFiles/TarefaAnimacao.dir/C_/Users/marco/.pico-sdk/sdk/2.1.0/src/rp2_common/pico_stdio_usb/reset_interface.c.obj
                0x100075a4                desc_bos
 .rodata.str1.4
                0x100075c5       0x13 CMakeFiles/TarefaAnimacao.dir/C_/Users/marco/.pico-sdk/sdk/2.1.0/src/rp2_common/pico_stdio_usb/stdio_usb.c.obj
 *fill*         0x100075c5        0x3 
 .rodata.__bi_197.0
                0x100075c8        0xc CMakeFiles/TarefaAnimacao.dir/C_/Users/marco/.pico-sdk/sdk/2.1.0/src/rp2_common/pico_stdio_usb/stdio_usb.c.obj
 .rodata.str1.4
                0x100075d4       0x2a CMakeFiles/TarefaAnimacao.dir/C_/Users/marco/.pico-sdk/sdk/2.1.0/src/rp2_common/pico_stdio_usb/stdio_usb_descriptors.c.obj
 .rodata.usbd_desc_str
                0x100075d4       0x18 CMakeFiles/TarefaAnimacao.dir/C_/Users/marco/.pico-sdk/sdk/2.1.0/src/rp2_common/pico_stdio_usb/stdio_usb_descriptors.c.obj
 .rodata.usbd_desc_cfg
                0x100075ec       0x54 CMakeFiles/TarefaAnimacao.dir/C_/Users/marco/.pico-sdk/sdk/2.1.0/src/rp2_common/pico_stdio_usb/stdio_usb_descriptors.c.obj
 .rodata.usbd_desc_device
                0x10007640       0x12 CMakeFiles/TarefaAnimacao.dir/C_/Users/marco/.pico-sdk/sdk/2.1.0/src/rp2_common/pico_stdio_usb/stdio_usb_descriptors.c.obj
 .rodata.str1.4
                0x10007652       0x14 CMakeFiles/TarefaAnimacao.dir/C_/Users/marco/.pico-sdk/sdk/2.1.0/lib/tinyusb/src/portable/raspberrypi/rp2040/dcd_rp2040.c.obj
 .rodata.str1.4
                0x10007652       0x48 CMakeFiles/TarefaAnimacao.dir/C_/Users/marco/.pico-sdk/sdk/2.1.0/lib/tinyusb/src/portable/raspberrypi/rp2040/rp2040_usb.c.obj
 *fill*         0x10007652        0x2 
 .rodata.tud_task_ext
                0x10007654       0x8c CMakeFiles/TarefaAnimacao.dir/C_/Users/marco/.pico-sdk/sdk/2.1.0/lib/tinyusb/src/device/usbd.c.obj
 .rodata        0x100076e0       0x1c CMakeFiles/TarefaAnimacao.dir/C_/Users/marco/.pico-sdk/sdk/2.1.0/lib/tinyusb/src/device/usbd.c.obj
 .rodata._usbd_driver
                0x100076fc       0x40 CMakeFiles/TarefaAnimacao.dir/C_/Users/marco/.pico-sdk/sdk/2.1.0/lib/tinyusb/src/device/usbd.c.obj
 .rodata.pio_claim_unused_sm.str1.4
                0x1000773c       0x24 CMakeFiles/TarefaAnimacao.dir/C_/Users/marco/.pico-sdk/sdk/2.1.0/src/rp2_common/hardware_pio/pio.c.obj
                0x10007760                        . = ALIGN (0x4)
 *(SORT_BY_ALIGNMENT(SORT_BY_NAME(.flashdata*)))
                0x10007760                        . = ALIGN (0x4)

.ARM.extab
 *(.ARM.extab* .gnu.linkonce.armextab.*)
                0x1000773c                        __exidx_start = .

.ARM.exidx
 *(.ARM.exidx* .gnu.linkonce.armexidx.*)
                0x1000773c                        __exidx_end = .
                0x10007760                        . = ALIGN (0x4)
                0x1000773c                        __binary_info_start = .

.binary_info    0x1000773c       0x24
 *(.binary_info.keep.*)
 .binary_info.keep.__bi_ptr84
                0x1000773c        0x4 CMakeFiles/TarefaAnimacao.dir/C_/Users/marco/.pico-sdk/sdk/2.1.0/src/rp2_common/pico_standard_binary_info/standard_binary_info.c.obj
 .binary_info.keep.__bi_ptr78
                0x10007740        0x4 CMakeFiles/TarefaAnimacao.dir/C_/Users/marco/.pico-sdk/sdk/2.1.0/src/rp2_common/pico_standard_binary_info/standard_binary_info.c.obj
 .binary_info.keep.__bi_ptr60
                0x10007744        0x4 CMakeFiles/TarefaAnimacao.dir/C_/Users/marco/.pico-sdk/sdk/2.1.0/src/rp2_common/pico_standard_binary_info/standard_binary_info.c.obj
 .binary_info.keep.__bi_ptr54
                0x10007748        0x4 CMakeFiles/TarefaAnimacao.dir/C_/Users/marco/.pico-sdk/sdk/2.1.0/src/rp2_common/pico_standard_binary_info/standard_binary_info.c.obj
 .binary_info.keep.__bi_ptr48
                0x1000774c        0x4 CMakeFiles/TarefaAnimacao.dir/C_/Users/marco/.pico-sdk/sdk/2.1.0/src/rp2_common/pico_standard_binary_info/standard_binary_info.c.obj
 .binary_info.keep.__bi_ptr42
                0x10007750        0x4 CMakeFiles/TarefaAnimacao.dir/C_/Users/marco/.pico-sdk/sdk/2.1.0/src/rp2_common/pico_standard_binary_info/standard_binary_info.c.obj
 .binary_info.keep.__bi_ptr34
                0x10007754        0x4 CMakeFiles/TarefaAnimacao.dir/C_/Users/marco/.pico-sdk/sdk/2.1.0/src/rp2_common/pico_standard_binary_info/standard_binary_info.c.obj
 .binary_info.keep.__bi_ptr26
                0x10007758        0x4 CMakeFiles/TarefaAnimacao.dir/C_/Users/marco/.pico-sdk/sdk/2.1.0/src/rp2_common/pico_standard_binary_info/standard_binary_info.c.obj
 *(.binary_info.*)
 .binary_info.__bi_ptr197
                0x1000775c        0x4 CMakeFiles/TarefaAnimacao.dir/C_/Users/marco/.pico-sdk/sdk/2.1.0/src/rp2_common/pico_stdio_usb/stdio_usb.c.obj
                0x10007760                        __binary_info_end = .

.rel.dyn        0x10007760        0x0
 .rel.iplt      0x10007760        0x0 C:/Users/marco/.pico-sdk/toolchain/13_3_Rel1/bin/../lib/gcc/arm-none-eabi/13.3.1/thumb/v6-m/nofp/crtbegin.o
                0x10007760                        . = ALIGN (0x4)

.ram_vector_table
                0x20000000       0xc0
 *(.ram_vector_table)
 .ram_vector_table
                0x20000000       0xc0 CMakeFiles/TarefaAnimacao.dir/C_/Users/marco/.pico-sdk/sdk/2.1.0/src/rp2_common/pico_runtime_init/runtime_init.c.obj
                0x20000000                ram_vector_table

.uninitialized_data
                0x200000c0        0x0
                0x200000c0                        . = ALIGN (0x4)
 *(.uninitialized_data*)

.data           0x200000c0     0x1770 load address 0x10007760
                0x200000c0                        __data_start__ = .
 *(vtable)
 *(.time_critical*)
 .time_critical.mutex_try_enter
                0x200000c0       0x40 CMakeFiles/TarefaAnimacao.dir/C_/Users/marco/.pico-sdk/sdk/2.1.0/src/common/pico_sync/mutex.c.obj
                0x200000c0                mutex_try_enter
 .time_critical.mutex_try_enter_block_until
                0x20000100       0x9c CMakeFiles/TarefaAnimacao.dir/C_/Users/marco/.pico-sdk/sdk/2.1.0/src/common/pico_sync/mutex.c.obj
                0x20000100                mutex_try_enter_block_until
 .time_critical.mutex_enter_timeout_ms
                0x2000019c       0x90 CMakeFiles/TarefaAnimacao.dir/C_/Users/marco/.pico-sdk/sdk/2.1.0/src/common/pico_sync/mutex.c.obj
                0x2000019c                mutex_enter_timeout_ms
 .time_critical.mutex_exit
                0x2000022c       0x28 CMakeFiles/TarefaAnimacao.dir/C_/Users/marco/.pico-sdk/sdk/2.1.0/src/common/pico_sync/mutex.c.obj
                0x2000022c                mutex_exit
 .time_critical.flash_init_boot2_copyout
                0x20000254       0x30 CMakeFiles/TarefaAnimacao.dir/C_/Users/marco/.pico-sdk/sdk/2.1.0/src/rp2_common/hardware_flash/flash.c.obj
 .time_critical.flash_enable_xip_via_boot2
                0x20000284        0xc CMakeFiles/TarefaAnimacao.dir/C_/Users/marco/.pico-sdk/sdk/2.1.0/src/rp2_common/hardware_flash/flash.c.obj
 .time_critical.flash_cs_force
                0x20000290       0x38 CMakeFiles/TarefaAnimacao.dir/C_/Users/marco/.pico-sdk/sdk/2.1.0/src/rp2_common/hardware_flash/flash.c.obj
 .time_critical.flash_do_cmd
                0x200002c8       0xc0 CMakeFiles/TarefaAnimacao.dir/C_/Users/marco/.pico-sdk/sdk/2.1.0/src/rp2_common/hardware_flash/flash.c.obj
                0x200002c8                flash_do_cmd
 .time_critical.reset_non_control_endpoints
                0x20000388       0x68 CMakeFiles/TarefaAnimacao.dir/C_/Users/marco/.pico-sdk/sdk/2.1.0/lib/tinyusb/src/portable/raspberrypi/rp2040/dcd_rp2040.c.obj
 .time_critical.hw_handle_buff_status
                0x200003f0       0xb0 CMakeFiles/TarefaAnimacao.dir/C_/Users/marco/.pico-sdk/sdk/2.1.0/lib/tinyusb/src/portable/raspberrypi/rp2040/dcd_rp2040.c.obj
 .time_critical.dcd_rp2040_irq
                0x200004a0      0x578 CMakeFiles/TarefaAnimacao.dir/C_/Users/marco/.pico-sdk/sdk/2.1.0/lib/tinyusb/src/portable/raspberrypi/rp2040/dcd_rp2040.c.obj
 .time_critical.prepare_ep_buffer
                0x20000a18       0xe0 CMakeFiles/TarefaAnimacao.dir/C_/Users/marco/.pico-sdk/sdk/2.1.0/lib/tinyusb/src/portable/raspberrypi/rp2040/rp2040_usb.c.obj
 .time_critical.sync_ep_buffer
                0x20000af8       0xa8 CMakeFiles/TarefaAnimacao.dir/C_/Users/marco/.pico-sdk/sdk/2.1.0/lib/tinyusb/src/portable/raspberrypi/rp2040/rp2040_usb.c.obj
 .time_critical._hw_endpoint_xfer_sync
                0x20000ba0       0x28 CMakeFiles/TarefaAnimacao.dir/C_/Users/marco/.pico-sdk/sdk/2.1.0/lib/tinyusb/src/portable/raspberrypi/rp2040/rp2040_usb.c.obj
 .time_critical.e15_is_bulkin_ep
                0x20000bc8       0x28 CMakeFiles/TarefaAnimacao.dir/C_/Users/marco/.pico-sdk/sdk/2.1.0/lib/tinyusb/src/portable/raspberrypi/rp2040/rp2040_usb.c.obj
 .time_critical.e15_is_critical_frame_period
                0x20000bf0       0x34 CMakeFiles/TarefaAnimacao.dir/C_/Users/marco/.pico-sdk/sdk/2.1.0/lib/tinyusb/src/portable/raspberrypi/rp2040/rp2040_usb.c.obj
 .time_critical.hw_endpoint_reset_transfer
                0x20000c24        0xc CMakeFiles/TarefaAnimacao.dir/C_/Users/marco/.pico-sdk/sdk/2.1.0/lib/tinyusb/src/portable/raspberrypi/rp2040/rp2040_usb.c.obj
                0x20000c24                hw_endpoint_reset_transfer
 .time_critical._hw_endpoint_buffer_control_update32
                0x20000c30       0x50 CMakeFiles/TarefaAnimacao.dir/C_/Users/marco/.pico-sdk/sdk/2.1.0/lib/tinyusb/src/portable/raspberrypi/rp2040/rp2040_usb.c.obj
                0x20000c30                _hw_endpoint_buffer_control_update32
 .time_critical.hw_endpoint_start_next_buffer
                0x20000c80       0x6c CMakeFiles/TarefaAnimacao.dir/C_/Users/marco/.pico-sdk/sdk/2.1.0/lib/tinyusb/src/portable/raspberrypi/rp2040/rp2040_usb.c.obj
                0x20000c80                hw_endpoint_start_next_buffer
 .time_critical.hw_endpoint_xfer_continue
                0x20000cec       0x40 CMakeFiles/TarefaAnimacao.dir/C_/Users/marco/.pico-sdk/sdk/2.1.0/lib/tinyusb/src/portable/raspberrypi/rp2040/rp2040_usb.c.obj
                0x20000cec                hw_endpoint_xfer_continue
 .time_critical.tinyusb
                0x20000d2c      0x1e4 CMakeFiles/TarefaAnimacao.dir/C_/Users/marco/.pico-sdk/sdk/2.1.0/lib/tinyusb/src/device/usbd.c.obj
                0x20000d2c                dcd_event_handler
 *(.text*)
 .text          0x20000f10        0x4 C:/Users/marco/.pico-sdk/toolchain/13_3_Rel1/bin/../lib/gcc/arm-none-eabi/13.3.1/thumb/v6-m/nofp\libgcc.a(_dvmd_tls.o)
                0x20000f10                __aeabi_idiv0
                0x20000f10                __aeabi_ldiv0
 *fill*         0x20000f14        0x4 
 .text.__stub   0x20000f18       0x80 linker stubs
                0x20000f98                        . = ALIGN (0x4)
 *(.rodata*)
                0x20000f98                        . = ALIGN (0x4)
 *(.data*)
 *fill*         0x20000f98        0x0 
 .data.frame5   0x20000f98       0xc8 CMakeFiles/TarefaAnimacao.dir/TarefaAnimacao.c.obj
                0x20000f98                frame5
 .data.frame4   0x20001060       0xc8 CMakeFiles/TarefaAnimacao.dir/TarefaAnimacao.c.obj
                0x20001060                frame4
 .data.frame3   0x20001128       0xc8 CMakeFiles/TarefaAnimacao.dir/TarefaAnimacao.c.obj
                0x20001128                frame3
 .data.frame2   0x200011f0       0xc8 CMakeFiles/TarefaAnimacao.dir/TarefaAnimacao.c.obj
                0x200011f0                frame2
 .data.frame1   0x200012b8       0xc8 CMakeFiles/TarefaAnimacao.dir/TarefaAnimacao.c.obj
                0x200012b8                frame1
 .data.desenho5
                0x20001380       0xc8 CMakeFiles/TarefaAnimacao.dir/TarefaAnimacao.c.obj
                0x20001380                desenho5
 .data.desenho4
                0x20001448       0xc8 CMakeFiles/TarefaAnimacao.dir/TarefaAnimacao.c.obj
                0x20001448                desenho4
 .data.desenho3
                0x20001510       0xc8 CMakeFiles/TarefaAnimacao.dir/TarefaAnimacao.c.obj
                0x20001510                desenho3
 .data.desenho2
                0x200015d8       0xc8 CMakeFiles/TarefaAnimacao.dir/TarefaAnimacao.c.obj
                0x200015d8                desenho2
 .data.desenho1
                0x200016a0       0xc8 CMakeFiles/TarefaAnimacao.dir/TarefaAnimacao.c.obj
                0x200016a0                desenho1
 .data.striped_spin_lock_num
                0x20001768        0x1 CMakeFiles/TarefaAnimacao.dir/C_/Users/marco/.pico-sdk/sdk/2.1.0/src/rp2_common/hardware_sync/sync.c.obj
 *fill*         0x20001769        0x3 
 .data          0x2000176c       0x48 CMakeFiles/TarefaAnimacao.dir/C_/Users/marco/.pico-sdk/sdk/2.1.0/src/rp2_common/hardware_irq/irq_handler_chain.S.obj
                0x2000176c                irq_handler_chain_slots
                0x2000179c                irq_handler_chain_first_slot
                0x200017a6                irq_handler_chain_remove_tail
 .data.default_alarm_pool
                0x200017b4       0x18 CMakeFiles/TarefaAnimacao.dir/C_/Users/marco/.pico-sdk/sdk/2.1.0/src/common/pico_time/time.c.obj
 *fill*         0x200017cc        0x4 
 .data.aeabi_bits_funcs
                0x200017d0       0x10 CMakeFiles/TarefaAnimacao.dir/C_/Users/marco/.pico-sdk/sdk/2.1.0/src/rp2_common/pico_bit_ops/bit_ops_aeabi.S.obj
                0x200017d0                aeabi_bits_funcs
                0x200017e0                aeabi_bits_funcs_end
 .data.aeabi_mem_funcs
                0x200017e0       0x10 CMakeFiles/TarefaAnimacao.dir/C_/Users/marco/.pico-sdk/sdk/2.1.0/src/rp2_common/pico_mem_ops/mem_ops_aeabi.S.obj
                0x200017e0                aeabi_mem_funcs
                0x200017f0                aeabi_mem_funcs_end
 .data.stdio_usb
                0x200017f0       0x18 CMakeFiles/TarefaAnimacao.dir/C_/Users/marco/.pico-sdk/sdk/2.1.0/src/rp2_common/pico_stdio_usb/stdio_usb.c.obj
                0x200017f0                stdio_usb
 .data._usbd_qdef
                0x20001808       0x1c CMakeFiles/TarefaAnimacao.dir/C_/Users/marco/.pico-sdk/sdk/2.1.0/lib/tinyusb/src/device/usbd.c.obj
                0x20001808                _usbd_qdef
 .data._usbd_rhport
                0x20001824        0x1 CMakeFiles/TarefaAnimacao.dir/C_/Users/marco/.pico-sdk/sdk/2.1.0/lib/tinyusb/src/device/usbd.c.obj
                0x20001828                        . = ALIGN (0x4)
 *fill*         0x20001825        0x3 
 *(.after_data.*)
                0x20001828                        . = ALIGN (0x4)
                0x20001828                        PROVIDE (__mutex_array_start = .)
 *(SORT_BY_NAME(.mutex_array.*))
 *(.mutex_array)
 .mutex_array   0x20001828        0x8 CMakeFiles/TarefaAnimacao.dir/C_/Users/marco/.pico-sdk/sdk/2.1.0/src/rp2_common/pico_stdio/stdio.c.obj
                0x20001830                        PROVIDE (__mutex_array_end = .)
                0x20001830                        . = ALIGN (0x4)
 *(.jcr)
                0x20001830                        . = ALIGN (0x4)

.tm_clone_table
                0x20001830        0x0 load address 0x10008ed0
 .tm_clone_table
                0x20001830        0x0 C:/Users/marco/.pico-sdk/toolchain/13_3_Rel1/bin/../lib/gcc/arm-none-eabi/13.3.1/thumb/v6-m/nofp/crtbegin.o
 .tm_clone_table
                0x20001830        0x0 C:/Users/marco/.pico-sdk/toolchain/13_3_Rel1/bin/../lib/gcc/arm-none-eabi/13.3.1/thumb/v6-m/nofp/crtend.o

.igot.plt       0x20001830        0x0 load address 0x10008ed0
 .igot.plt      0x20001830        0x0 C:/Users/marco/.pico-sdk/toolchain/13_3_Rel1/bin/../lib/gcc/arm-none-eabi/13.3.1/thumb/v6-m/nofp/crtbegin.o

.tdata          0x20001830        0x0 load address 0x10008ed0
                0x20001830                        . = ALIGN (0x4)
 *(.tdata .tdata.* .gnu.linkonce.td.*)
                0x20001830                        __tdata_end = .
                0x20001830                        PROVIDE (__data_end__ = .)
                0x10007760                        __etext = LOADADDR (.data)

.tbss           0x20001830        0x0 load address 0x10008ed0
                0x20001830                        . = ALIGN (0x4)
                0x20001830                        __bss_start__ = .
                0x20001830                        __tls_base = .
 *(.tbss .tbss.* .gnu.linkonce.tb.*)
 *(.tcommon)
                0x20001830                        __tls_end = .

.bss            0x20001830     0x1084 load address 0x10008ed0
                0x20001830                        . = ALIGN (0x4)
                0x20001830                        __tbss_end = .
 *(SORT_BY_ALIGNMENT(SORT_BY_NAME(.bss*)))
 .bss.default_alarm_pool_entries
                0x20001830      0x180 CMakeFiles/TarefaAnimacao.dir/C_/Users/marco/.pico-sdk/sdk/2.1.0/src/common/pico_time/time.c.obj
 .bss.last_avail_time.1
                0x200019b0        0x8 CMakeFiles/TarefaAnimacao.dir/C_/Users/marco/.pico-sdk/sdk/2.1.0/src/rp2_common/pico_stdio_usb/stdio_usb.c.obj
 .bss.sd_table  0x200019b8      0x100 CMakeFiles/TarefaAnimacao.dir/C_/Users/marco/.pico-sdk/sdk/2.1.0/src/rp2_common/pico_double/double_init_rom_rp2040.c.obj
                0x200019b8                sd_table
 .bss._app_driver
                0x20001ab8        0x4 CMakeFiles/TarefaAnimacao.dir/C_/Users/marco/.pico-sdk/sdk/2.1.0/lib/tinyusb/src/device/usbd.c.obj
 .bss._cdcd_fifo_cfg
                0x20001abc        0x1 CMakeFiles/TarefaAnimacao.dir/C_/Users/marco/.pico-sdk/sdk/2.1.0/lib/tinyusb/src/class/cdc/cdc_device.c.obj
 *fill*         0x20001abd        0x3 
 .bss._cdcd_itf
                0x20001ac0      0x2c8 CMakeFiles/TarefaAnimacao.dir/C_/Users/marco/.pico-sdk/sdk/2.1.0/lib/tinyusb/src/class/cdc/cdc_device.c.obj
 .bss._ctrl_xfer
                0x20001d88       0x14 CMakeFiles/TarefaAnimacao.dir/C_/Users/marco/.pico-sdk/sdk/2.1.0/lib/tinyusb/src/device/usbd_control.c.obj
 .bss._ubsd_mutexdef
                0x20001d9c        0x8 CMakeFiles/TarefaAnimacao.dir/C_/Users/marco/.pico-sdk/sdk/2.1.0/lib/tinyusb/src/device/usbd.c.obj
 .bss._usbd_ctrl_buf
                0x20001da4       0x40 CMakeFiles/TarefaAnimacao.dir/C_/Users/marco/.pico-sdk/sdk/2.1.0/lib/tinyusb/src/device/usbd_control.c.obj
 .bss._usbd_dev
                0x20001de4       0x54 CMakeFiles/TarefaAnimacao.dir/C_/Users/marco/.pico-sdk/sdk/2.1.0/lib/tinyusb/src/device/usbd.c.obj
 .bss._usbd_mutex
                0x20001e38        0x4 CMakeFiles/TarefaAnimacao.dir/C_/Users/marco/.pico-sdk/sdk/2.1.0/lib/tinyusb/src/device/usbd.c.obj
 .bss._usbd_q   0x20001e3c        0x4 CMakeFiles/TarefaAnimacao.dir/C_/Users/marco/.pico-sdk/sdk/2.1.0/lib/tinyusb/src/device/usbd.c.obj
 .bss._usbd_qdef_buf
                0x20001e40       0xc0 CMakeFiles/TarefaAnimacao.dir/C_/Users/marco/.pico-sdk/sdk/2.1.0/lib/tinyusb/src/device/usbd.c.obj
                0x20001e40                _usbd_qdef_buf
 .bss._used_instruction_space
                0x20001f00        0x8 CMakeFiles/TarefaAnimacao.dir/C_/Users/marco/.pico-sdk/sdk/2.1.0/src/rp2_common/hardware_pio/pio.c.obj
 .bss._vendord_itf
                0x20001f08      0x2cc CMakeFiles/TarefaAnimacao.dir/C_/Users/marco/.pico-sdk/sdk/2.1.0/lib/tinyusb/src/class/vendor/vendor_device.c.obj
 .bss.boot2_copyout
                0x200021d4      0x100 CMakeFiles/TarefaAnimacao.dir/C_/Users/marco/.pico-sdk/sdk/2.1.0/src/rp2_common/hardware_flash/flash.c.obj
 .bss.chars_available_callback
                0x200022d4        0x4 CMakeFiles/TarefaAnimacao.dir/C_/Users/marco/.pico-sdk/sdk/2.1.0/src/rp2_common/pico_stdio_usb/stdio_usb.c.obj
 .bss.chars_available_param
                0x200022d8        0x4 CMakeFiles/TarefaAnimacao.dir/C_/Users/marco/.pico-sdk/sdk/2.1.0/src/rp2_common/pico_stdio_usb/stdio_usb.c.obj
 .bss.claimed   0x200022dc        0x4 CMakeFiles/TarefaAnimacao.dir/C_/Users/marco/.pico-sdk/sdk/2.1.0/src/rp2_common/hardware_sync/sync.c.obj
 .bss.claimed   0x200022e0        0x1 CMakeFiles/TarefaAnimacao.dir/C_/Users/marco/.pico-sdk/sdk/2.1.0/src/rp2_common/hardware_timer/timer.c.obj
 *fill*         0x200022e1        0x3 
 .bss.claimed   0x200022e4        0x1 CMakeFiles/TarefaAnimacao.dir/C_/Users/marco/.pico-sdk/sdk/2.1.0/src/rp2_common/hardware_pio/pio.c.obj
 *fill*         0x200022e5        0x3 
 .bss.configured_freq
                0x200022e8       0x28 CMakeFiles/TarefaAnimacao.dir/C_/Users/marco/.pico-sdk/sdk/2.1.0/src/rp2_common/hardware_clocks/clocks.c.obj
 .bss.desc_str.0
                0x20002310       0x28 CMakeFiles/TarefaAnimacao.dir/C_/Users/marco/.pico-sdk/sdk/2.1.0/src/rp2_common/pico_stdio_usb/stdio_usb_descriptors.c.obj
 .bss.drivers   0x20002338        0x4 CMakeFiles/TarefaAnimacao.dir/C_/Users/marco/.pico-sdk/sdk/2.1.0/src/rp2_common/pico_stdio/stdio.c.obj
 .bss.e15_last_sof
                0x2000233c        0x4 CMakeFiles/TarefaAnimacao.dir/C_/Users/marco/.pico-sdk/sdk/2.1.0/lib/tinyusb/src/portable/raspberrypi/rp2040/rp2040_usb.c.obj
                0x2000233c                e15_last_sof
 .bss.filter    0x20002340        0x4 CMakeFiles/TarefaAnimacao.dir/C_/Users/marco/.pico-sdk/sdk/2.1.0/src/rp2_common/pico_stdio/stdio.c.obj
 .bss.hw_endpoints
                0x20002344      0x400 CMakeFiles/TarefaAnimacao.dir/C_/Users/marco/.pico-sdk/sdk/2.1.0/lib/tinyusb/src/portable/raspberrypi/rp2040/dcd_rp2040.c.obj
 .bss.lazy_vsnprintf
                0x20002744        0x4 CMakeFiles/TarefaAnimacao.dir/C_/Users/marco/.pico-sdk/sdk/2.1.0/src/rp2_common/pico_printf/printf.c.obj
 .bss.load_value
                0x20002748        0x4 CMakeFiles/TarefaAnimacao.dir/C_/Users/marco/.pico-sdk/sdk/2.1.0/src/rp2_common/hardware_watchdog/watchdog.c.obj
 .bss.next_buffer_ptr
                0x2000274c        0x4 CMakeFiles/TarefaAnimacao.dir/C_/Users/marco/.pico-sdk/sdk/2.1.0/lib/tinyusb/src/portable/raspberrypi/rp2040/dcd_rp2040.c.obj
 .bss.object.0  0x20002750       0x18 C:/Users/marco/.pico-sdk/toolchain/13_3_Rel1/bin/../lib/gcc/arm-none-eabi/13.3.1/thumb/v6-m/nofp/crtbegin.o
 .bss.one_shot_timer_crit_sec
                0x20002768        0x8 CMakeFiles/TarefaAnimacao.dir/C_/Users/marco/.pico-sdk/sdk/2.1.0/src/rp2_common/pico_stdio_usb/stdio_usb.c.obj
 .bss.pools     0x20002770       0x10 CMakeFiles/TarefaAnimacao.dir/C_/Users/marco/.pico-sdk/sdk/2.1.0/src/common/pico_time/time.c.obj
 .bss.retrieved_id
                0x20002780        0x8 CMakeFiles/TarefaAnimacao.dir/C_/Users/marco/.pico-sdk/sdk/2.1.0/src/rp2_common/pico_unique_id/unique_id.c.obj
 .bss.sf_clz_func
                0x20002788        0x4 CMakeFiles/TarefaAnimacao.dir/C_/Users/marco/.pico-sdk/sdk/2.1.0/src/rp2_common/pico_double/double_init_rom_rp2040.c.obj
                0x20002788                sf_clz_func
 .bss.sf_table  0x2000278c      0x100 CMakeFiles/TarefaAnimacao.dir/C_/Users/marco/.pico-sdk/sdk/2.1.0/src/rp2_common/pico_float/float_init_rom_rp2040.c.obj
                0x2000278c                sf_table
 .bss.sleep_notifier
                0x2000288c        0x4 CMakeFiles/TarefaAnimacao.dir/C_/Users/marco/.pico-sdk/sdk/2.1.0/src/common/pico_time/time.c.obj
 .bss.stdio_usb_mutex
                0x20002890        0x8 CMakeFiles/TarefaAnimacao.dir/C_/Users/marco/.pico-sdk/sdk/2.1.0/src/rp2_common/pico_stdio_usb/stdio_usb.c.obj
 .bss.usbd_serial_str
                0x20002898       0x11 CMakeFiles/TarefaAnimacao.dir/C_/Users/marco/.pico-sdk/sdk/2.1.0/src/rp2_common/pico_stdio_usb/stdio_usb_descriptors.c.obj
 .bss._app_driver_count
                0x200028a9        0x1 CMakeFiles/TarefaAnimacao.dir/C_/Users/marco/.pico-sdk/sdk/2.1.0/lib/tinyusb/src/device/usbd.c.obj
 .bss._sof_enable
                0x200028aa        0x1 CMakeFiles/TarefaAnimacao.dir/C_/Users/marco/.pico-sdk/sdk/2.1.0/lib/tinyusb/src/portable/raspberrypi/rp2040/dcd_rp2040.c.obj
 .bss._usbd_queued_setup
                0x200028ab        0x1 CMakeFiles/TarefaAnimacao.dir/C_/Users/marco/.pico-sdk/sdk/2.1.0/lib/tinyusb/src/device/usbd.c.obj
 .bss.boot2_copyout_valid
                0x200028ac        0x1 CMakeFiles/TarefaAnimacao.dir/C_/Users/marco/.pico-sdk/sdk/2.1.0/src/rp2_common/hardware_flash/flash.c.obj
 .bss.irq_handler_chain_free_slot_head
                0x200028ad        0x1 CMakeFiles/TarefaAnimacao.dir/C_/Users/marco/.pico-sdk/sdk/2.1.0/src/rp2_common/hardware_irq/irq.c.obj
 .bss.itf_num   0x200028ae        0x1 CMakeFiles/TarefaAnimacao.dir/C_/Users/marco/.pico-sdk/sdk/2.1.0/src/rp2_common/pico_stdio_usb/reset_interface.c.obj
 .bss.low_priority_irq_num
                0x200028af        0x1 CMakeFiles/TarefaAnimacao.dir/C_/Users/marco/.pico-sdk/sdk/2.1.0/src/rp2_common/pico_stdio_usb/stdio_usb.c.obj
 .bss.one_shot_timer_pending
                0x200028b0        0x1 CMakeFiles/TarefaAnimacao.dir/C_/Users/marco/.pico-sdk/sdk/2.1.0/src/rp2_common/pico_stdio_usb/stdio_usb.c.obj
 .bss.user_irq_claimed
                0x200028b1        0x1 CMakeFiles/TarefaAnimacao.dir/C_/Users/marco/.pico-sdk/sdk/2.1.0/src/rp2_common/hardware_irq/irq.c.obj
 *(COMMON)
                0x200028b4                        . = ALIGN (0x4)
 *fill*         0x200028b2        0x2 
                0x200028b4                        __bss_end__ = .

.heap           0x200028b4      0x800 load address 0x10008ed0
                0x200028b4                        __end__ = .
                0x200028b4                        end = __end__
 *(.heap*)
 .heap          0x200028b4      0x800 CMakeFiles/TarefaAnimacao.dir/C_/Users/marco/.pico-sdk/sdk/2.1.0/src/rp2_common/pico_crt0/crt0.S.obj
                0x20040000                        __HeapLimit = (ORIGIN (RAM) + LENGTH (RAM))

.scratch_x      0x20040000        0x0 load address 0x10008ed0
                0x20040000                        __scratch_x_start__ = .
 *(.scratch_x.*)
                0x20040000                        . = ALIGN (0x4)
                0x20040000                        __scratch_x_end__ = .
                0x10008ed0                        __scratch_x_source__ = LOADADDR (.scratch_x)

.scratch_y      0x20041000        0x0 load address 0x10008ed0
                0x20041000                        __scratch_y_start__ = .
 *(.scratch_y.*)
                0x20041000                        . = ALIGN (0x4)
                0x20041000                        __scratch_y_end__ = .
                0x10008ed0                        __scratch_y_source__ = LOADADDR (.scratch_y)

.stack1_dummy
 *(.stack1*)

.stack_dummy    0x20041000      0x800
 *(.stack*)
 .stack         0x20041000      0x800 CMakeFiles/TarefaAnimacao.dir/C_/Users/marco/.pico-sdk/sdk/2.1.0/src/rp2_common/pico_crt0/crt0.S.obj

.flash_end      0x10008ed0        0x0
 *(.embedded_end_block*)
                0x10008ed0                        PROVIDE (__flash_binary_end = .)
                0x20040000                        __StackLimit = (ORIGIN (RAM) + LENGTH (RAM))
                0x20041000                        __StackOneTop = (ORIGIN (SCRATCH_X) + LENGTH (SCRATCH_X))
                0x20042000                        __StackTop = (ORIGIN (SCRATCH_Y) + LENGTH (SCRATCH_Y))
                0x20041000                        __StackOneBottom = (__StackOneTop - SIZEOF (.stack1_dummy))
                0x20041800                        __StackBottom = (__StackTop - SIZEOF (.stack_dummy))
                0x20042000                        PROVIDE (__stack = __StackTop)
                [!provide]                        PROVIDE (__heap_start = __end__)
                [!provide]                        PROVIDE (__heap_end = __HeapLimit)
                [!provide]                        PROVIDE (__tls_align = MAX (ALIGNOF (.tdata), ALIGNOF (.tbss)))
                [!provide]                        PROVIDE (__tls_size_align = (((__tls_size + __tls_align) - 0x1) & ~ ((__tls_align - 0x1))))
                [!provide]                        PROVIDE (__arm32_tls_tcb_offset = MAX (0x8, __tls_align))
                [!provide]                        PROVIDE (_end = __end__)